Archive member included to satisfy reference by file (symbol)

c:/program files (x86)/atmel/studio/7.0/toolchain/arm/arm-gnu-toolchain/bin/../lib/gcc/arm-none-eabi/6.2.1/../../../../arm-none-eabi/lib/thumb/v7-m\libc.a(lib_a-exit.o)
                              c:/program files (x86)/atmel/studio/7.0/toolchain/arm/arm-gnu-toolchain/bin/../lib/gcc/arm-none-eabi/6.2.1/../../../../arm-none-eabi/lib/thumb/v7-m/crt0.o (exit)
c:/program files (x86)/atmel/studio/7.0/toolchain/arm/arm-gnu-toolchain/bin/../lib/gcc/arm-none-eabi/6.2.1/../../../../arm-none-eabi/lib/thumb/v7-m\libc.a(lib_a-impure.o)
                              c:/program files (x86)/atmel/studio/7.0/toolchain/arm/arm-gnu-toolchain/bin/../lib/gcc/arm-none-eabi/6.2.1/../../../../arm-none-eabi/lib/thumb/v7-m\libc.a(lib_a-exit.o) (_global_impure_ptr)
c:/program files (x86)/atmel/studio/7.0/toolchain/arm/arm-gnu-toolchain/bin/../lib/gcc/arm-none-eabi/6.2.1/../../../../arm-none-eabi/lib/thumb/v7-m\libc.a(lib_a-init.o)
                              c:/program files (x86)/atmel/studio/7.0/toolchain/arm/arm-gnu-toolchain/bin/../lib/gcc/arm-none-eabi/6.2.1/../../../../arm-none-eabi/lib/thumb/v7-m/crt0.o (__libc_init_array)
c:/program files (x86)/atmel/studio/7.0/toolchain/arm/arm-gnu-toolchain/bin/../lib/gcc/arm-none-eabi/6.2.1/../../../../arm-none-eabi/lib/thumb/v7-m\libc.a(lib_a-iprintf.o)
                              src/main.o (iprintf)
c:/program files (x86)/atmel/studio/7.0/toolchain/arm/arm-gnu-toolchain/bin/../lib/gcc/arm-none-eabi/6.2.1/../../../../arm-none-eabi/lib/thumb/v7-m\libc.a(lib_a-malloc.o)
                              src/ASF/thirdparty/freertos/freertos-7.0.0/source/portable/memmang/heap_3.o (malloc)
c:/program files (x86)/atmel/studio/7.0/toolchain/arm/arm-gnu-toolchain/bin/../lib/gcc/arm-none-eabi/6.2.1/../../../../arm-none-eabi/lib/thumb/v7-m\libc.a(lib_a-mallocr.o)
                              c:/program files (x86)/atmel/studio/7.0/toolchain/arm/arm-gnu-toolchain/bin/../lib/gcc/arm-none-eabi/6.2.1/../../../../arm-none-eabi/lib/thumb/v7-m\libc.a(lib_a-malloc.o) (_malloc_r)
c:/program files (x86)/atmel/studio/7.0/toolchain/arm/arm-gnu-toolchain/bin/../lib/gcc/arm-none-eabi/6.2.1/../../../../arm-none-eabi/lib/thumb/v7-m\libc.a(lib_a-memcmp.o)
                              src/ASF/thirdparty/freertos/freertos-7.0.0/source/tasks.o (memcmp)
c:/program files (x86)/atmel/studio/7.0/toolchain/arm/arm-gnu-toolchain/bin/../lib/gcc/arm-none-eabi/6.2.1/../../../../arm-none-eabi/lib/thumb/v7-m\libc.a(lib_a-memcpy.o)
                              src/ASF/thirdparty/freertos/freertos-7.0.0/source/queue.o (memcpy)
c:/program files (x86)/atmel/studio/7.0/toolchain/arm/arm-gnu-toolchain/bin/../lib/gcc/arm-none-eabi/6.2.1/../../../../arm-none-eabi/lib/thumb/v7-m\libc.a(lib_a-memset.o)
                              c:/program files (x86)/atmel/studio/7.0/toolchain/arm/arm-gnu-toolchain/bin/../lib/gcc/arm-none-eabi/6.2.1/../../../../arm-none-eabi/lib/thumb/v7-m/crt0.o (memset)
c:/program files (x86)/atmel/studio/7.0/toolchain/arm/arm-gnu-toolchain/bin/../lib/gcc/arm-none-eabi/6.2.1/../../../../arm-none-eabi/lib/thumb/v7-m\libc.a(lib_a-mlock.o)
                              c:/program files (x86)/atmel/studio/7.0/toolchain/arm/arm-gnu-toolchain/bin/../lib/gcc/arm-none-eabi/6.2.1/../../../../arm-none-eabi/lib/thumb/v7-m\libc.a(lib_a-mallocr.o) (__malloc_lock)
c:/program files (x86)/atmel/studio/7.0/toolchain/arm/arm-gnu-toolchain/bin/../lib/gcc/arm-none-eabi/6.2.1/../../../../arm-none-eabi/lib/thumb/v7-m\libc.a(lib_a-sbrkr.o)
                              c:/program files (x86)/atmel/studio/7.0/toolchain/arm/arm-gnu-toolchain/bin/../lib/gcc/arm-none-eabi/6.2.1/../../../../arm-none-eabi/lib/thumb/v7-m\libc.a(lib_a-mallocr.o) (_sbrk_r)
c:/program files (x86)/atmel/studio/7.0/toolchain/arm/arm-gnu-toolchain/bin/../lib/gcc/arm-none-eabi/6.2.1/../../../../arm-none-eabi/lib/thumb/v7-m\libc.a(lib_a-setbuf.o)
                              src/main.o (setbuf)
c:/program files (x86)/atmel/studio/7.0/toolchain/arm/arm-gnu-toolchain/bin/../lib/gcc/arm-none-eabi/6.2.1/../../../../arm-none-eabi/lib/thumb/v7-m\libc.a(lib_a-setvbuf.o)
                              c:/program files (x86)/atmel/studio/7.0/toolchain/arm/arm-gnu-toolchain/bin/../lib/gcc/arm-none-eabi/6.2.1/../../../../arm-none-eabi/lib/thumb/v7-m\libc.a(lib_a-setbuf.o) (setvbuf)
c:/program files (x86)/atmel/studio/7.0/toolchain/arm/arm-gnu-toolchain/bin/../lib/gcc/arm-none-eabi/6.2.1/../../../../arm-none-eabi/lib/thumb/v7-m\libc.a(lib_a-sprintf.o)
                              src/ASF/thirdparty/freertos/freertos-7.0.0/source/tasks.o (sprintf)
c:/program files (x86)/atmel/studio/7.0/toolchain/arm/arm-gnu-toolchain/bin/../lib/gcc/arm-none-eabi/6.2.1/../../../../arm-none-eabi/lib/thumb/v7-m\libc.a(lib_a-strcat.o)
                              src/ASF/thirdparty/freertos/freertos-7.0.0/source/tasks.o (strcat)
[...]
Memory Configuration

Name             Origin             Length             Attributes
rom              0x00400000         0x00040000         xr
ram              0x20000000         0x00006000         xrw
*default*        0x00000000         0xffffffff

Linker script and memory map

LOAD c:/program files (x86)/atmel/studio/7.0/toolchain/arm/arm-gnu-toolchain/bin/../lib/gcc/arm-none-eabi/6.2.1/thumb/v7-m/crti.o
LOAD c:/program files (x86)/atmel/studio/7.0/toolchain/arm/arm-gnu-toolchain/bin/../lib/gcc/arm-none-eabi/6.2.1/thumb/v7-m/crtbegin.o
LOAD c:/program files (x86)/atmel/studio/7.0/toolchain/arm/arm-gnu-toolchain/bin/../lib/gcc/arm-none-eabi/6.2.1/../../../../arm-none-eabi/lib/thumb/v7-m/crt0.o
LOAD src/ASF/sam/drivers/pwm/pwm.o
LOAD src/ASF/common/services/clock/sam3n/sysclk.o
LOAD src/ASF/common/services/serial/usart_serial.o
LOAD src/ASF/common/utils/interrupt/interrupt_sam_nvic.o
LOAD src/ASF/common/utils/stdio/read.o
LOAD src/ASF/common/utils/stdio/write.o
LOAD src/ASF/sam/boards/sam3n_ek/init.o
LOAD src/ASF/sam/boards/sam3n_ek/led.o
LOAD src/ASF/sam/drivers/pio/pio.o
LOAD src/ASF/sam/drivers/pio/pio_handler.o
LOAD src/ASF/sam/drivers/pmc/pmc.o
LOAD src/ASF/sam/drivers/pmc/sleep.o
LOAD src/ASF/sam/drivers/uart/uart.o
LOAD src/ASF/sam/drivers/usart/usart.o
LOAD src/ASF/sam/utils/cmsis/sam3n/source/templates/exceptions.o
LOAD src/ASF/sam/utils/cmsis/sam3n/source/templates/gcc/startup_sam3n.o
LOAD src/ASF/sam/utils/cmsis/sam3n/source/templates/system_sam3n.o
LOAD src/ASF/sam/utils/syscalls/gcc/syscalls.o
LOAD src/ASF/thirdparty/freertos/freertos-7.0.0/source/croutine.o
LOAD src/ASF/thirdparty/freertos/freertos-7.0.0/source/list.o
LOAD src/ASF/thirdparty/freertos/freertos-7.0.0/source/portable/gcc/sam/port.o
LOAD src/ASF/thirdparty/freertos/freertos-7.0.0/source/portable/memmang/heap_3.o
LOAD src/ASF/thirdparty/freertos/freertos-7.0.0/source/queue.o
LOAD src/ASF/thirdparty/freertos/freertos-7.0.0/source/tasks.o
LOAD src/ASF/thirdparty/freertos/freertos-7.0.0/source/timers.o
LOAD src/main.o
START GROUP
LOAD ../src/ASF/thirdparty/CMSIS/Lib/GCC\libarm_cortexM3l_math.a
LOAD c:/program files (x86)/atmel/studio/7.0/toolchain/arm/arm-gnu-toolchain/bin/../lib/gcc/arm-none-eabi/6.2.1/../../../../arm-none-eabi/lib/thumb/v7-m\libm.a
END GROUP
START GROUP
LOAD c:/program files (x86)/atmel/studio/7.0/toolchain/arm/arm-gnu-toolchain/bin/../lib/gcc/arm-none-eabi/6.2.1/thumb/v7-m\libgcc.a
LOAD c:/program files (x86)/atmel/studio/7.0/toolchain/arm/arm-gnu-toolchain/bin/../lib/gcc/arm-none-eabi/6.2.1/../../../../arm-none-eabi/lib/thumb/v7-m\libc.a
END GROUP
LOAD c:/program files (x86)/atmel/studio/7.0/toolchain/arm/arm-gnu-toolchain/bin/../lib/gcc/arm-none-eabi/6.2.1/thumb/v7-m/crtend.o
LOAD c:/program files (x86)/atmel/studio/7.0/toolchain/arm/arm-gnu-toolchain/bin/../lib/gcc/arm-none-eabi/6.2.1/thumb/v7-m/crtn.o
                0x00000800                __stack_size__ = DEFINED (__stack_size__)?__stack_size__:0x800
                0x20005ffc                __ram_end__ = ((ORIGIN (ram) + LENGTH (ram)) - 0x4)

.text           0x00400000     0x872c
                0x00400000                . = ALIGN (0x4)
                0x00400000                _sfixed = .
 *(.vectors .vectors.*)
 .vectors       0x00400000       0xc4 src/ASF/sam/utils/cmsis/sam3n/source/templates/gcc/startup_sam3n.o
                0x00400000                exception_table
 *(.text .text.* .gnu.linkonce.t.*)
 .text          0x004000c4       0x6c c:/program files (x86)/atmel/studio/7.0/toolchain/arm/arm-gnu-toolchain/bin/../lib/gcc/arm-none-eabi/6.2.1/thumb/v7-m/crtbegin.o
 .text.pwm_channel_init
                0x00400130       0x2e src/ASF/sam/drivers/pwm/pwm.o
                0x00400130                pwm_channel_init
 .text.pwm_channel_update_duty
                0x0040015e       0x28 src/ASF/sam/drivers/pwm/pwm.o
                0x0040015e                pwm_channel_update_duty
 .text.pwm_channel_disable
                0x00400186        0xa src/ASF/sam/drivers/pwm/pwm.o
                0x00400186                pwm_channel_disable
 .text.sysclk_init
                0x00400190       0x64 src/ASF/common/services/clock/sam3n/sysclk.o
                0x00400190                sysclk_init
 .text._read    0x004001f4       0x3c src/ASF/common/utils/stdio/read.o
                0x004001f4                _read
 .text._write   0x00400230       0x50 src/ASF/common/utils/stdio/write.o
                0x00400230                _write
 .text.board_init
                0x00400280       0x64 src/ASF/sam/boards/sam3n_ek/init.o
                0x00400280                board_init
 .text.pio_set_peripheral
                0x004002e4       0x90 src/ASF/sam/drivers/pio/pio.o
                0x004002e4                pio_set_peripheral
 .text.pio_set_input
                0x00400374       0x32 src/ASF/sam/drivers/pio/pio.o
                0x00400374                pio_set_input
 .text.pio_set_output
                0x004003a6       0x26 src/ASF/sam/drivers/pio/pio.o
                0x004003a6                pio_set_output
 .text.pio_get_interrupt_status
                0x004003cc        0x4 src/ASF/sam/drivers/pio/pio.o
                0x004003cc                pio_get_interrupt_status
 .text.pio_get_interrupt_mask
                0x004003d0        0x4 src/ASF/sam/drivers/pio/pio.o
                0x004003d0                pio_get_interrupt_mask
 .text.pio_configure_pin
                0x004003d4      0x120 src/ASF/sam/drivers/pio/pio.o
                0x004003d4                pio_configure_pin
 .text.pio_configure_pin_group
                0x004004f4       0xd8 src/ASF/sam/drivers/pio/pio.o
                0x004004f4                pio_configure_pin_group
 .text.pio_handler_process
                0x004005cc       0x50 src/ASF/sam/drivers/pio/pio_handler.o
                0x004005cc                pio_handler_process
 .text.PIOA_Handler
                0x0040061c       0x14 src/ASF/sam/drivers/pio/pio_handler.o
                0x0040061c                PIOA_Handler
 .text.PIOB_Handler
                0x00400630       0x14 src/ASF/sam/drivers/pio/pio_handler.o
                0x00400630                PIOB_Handler
 .text.PIOC_Handler
                0x00400644       0x14 src/ASF/sam/drivers/pio/pio_handler.o
                0x00400644                PIOC_Handler
 .text.pmc_switch_mck_to_pllack
                0x00400658       0x64 src/ASF/sam/drivers/pmc/pmc.o
                0x00400658                pmc_switch_mck_to_pllack
 .text.pmc_switch_mainck_to_xtal
                0x004006bc       0x54 src/ASF/sam/drivers/pmc/pmc.o
                0x004006bc                pmc_switch_mainck_to_xtal
 .text.pmc_osc_is_ready_mainck
                0x00400710       0x10 src/ASF/sam/drivers/pmc/pmc.o
                0x00400710                pmc_osc_is_ready_mainck
 .text.pmc_disable_pllack
                0x00400720       0x10 src/ASF/sam/drivers/pmc/pmc.o
                0x00400720                pmc_disable_pllack
 .text.pmc_is_locked_pllack
                0x00400730       0x10 src/ASF/sam/drivers/pmc/pmc.o
                0x00400730                pmc_is_locked_pllack
 .text.pmc_enable_periph_clk
                0x00400740       0x2c src/ASF/sam/drivers/pmc/pmc.o
                0x00400740                pmc_enable_periph_clk
 .text.uart_init
                0x0040076c       0x36 src/ASF/sam/drivers/uart/uart.o
                0x0040076c                uart_init
 .text.uart_write
                0x004007a2       0x10 src/ASF/sam/drivers/uart/uart.o
                0x004007a2                uart_write
 .text.uart_read
                0x004007b2       0x12 src/ASF/sam/drivers/uart/uart.o
                0x004007b2                uart_read
 .text.usart_write
                0x004007c4       0x14 src/ASF/sam/drivers/usart/usart.o
                0x004007c4                usart_write
 .text.usart_read
                0x004007d8       0x18 src/ASF/sam/drivers/usart/usart.o
                0x004007d8                usart_read
 .text.Dummy_Handler
                0x004007f0        0x2 src/ASF/sam/utils/cmsis/sam3n/source/templates/exceptions.o
                0x004007f0                DACC_Handler
                0x004007f0                DebugMon_Handler
                0x004007f0                HardFault_Handler
                0x004007f0                TC2_Handler
                0x004007f0                SPI_Handler
                0x004007f0                TWI1_Handler
                0x004007f0                NMI_Handler
                0x004007f0                ADC_Handler
                0x004007f0                USART0_Handler
                0x004007f0                RTT_Handler
                0x004007f0                RTC_Handler
                0x004007f0                UsageFault_Handler
                0x004007f0                WDT_Handler
                0x004007f0                TC4_Handler
                0x004007f0                TC1_Handler
                0x004007f0                UART1_Handler
                0x004007f0                TC3_Handler
                0x004007f0                Dummy_Handler
                0x004007f0                TWI0_Handler
                0x004007f0                USART1_Handler
                0x004007f0                PMC_Handler
                0x004007f0                PWM_Handler
                0x004007f0                MemManage_Handler
                0x004007f0                SUPC_Handler
                0x004007f0                EFC_Handler
                0x004007f0                UART0_Handler
                0x004007f0                BusFault_Handler
                0x004007f0                RSTC_Handler
                0x004007f0                TC0_Handler
                0x004007f0                TC5_Handler
 *fill*         0x004007f2        0x2 
 .text.Reset_Handler
                0x004007f4       0x98 src/ASF/sam/utils/cmsis/sam3n/source/templates/gcc/startup_sam3n.o
                0x004007f4                Reset_Handler
 .text.SystemCoreClockUpdate
                0x0040088c      0x100 src/ASF/sam/utils/cmsis/sam3n/source/templates/system_sam3n.o
                0x0040088c                SystemCoreClockUpdate
 .text._sbrk    0x0040098c       0x38 src/ASF/sam/utils/syscalls/gcc/syscalls.o
                0x0040098c                _sbrk
 .text._close   0x004009c4        0x6 src/ASF/sam/utils/syscalls/gcc/syscalls.o
                0x004009c4                _close
 .text._fstat   0x004009ca        0xa src/ASF/sam/utils/syscalls/gcc/syscalls.o
                0x004009ca                _fstat
 .text._isatty  0x004009d4        0x4 src/ASF/sam/utils/syscalls/gcc/syscalls.o
                0x004009d4                _isatty
 .text._lseek   0x004009d8        0x4 src/ASF/sam/utils/syscalls/gcc/syscalls.o
                0x004009d8                _lseek
 .text.vListInitialise
                0x004009dc       0x16 src/ASF/thirdparty/freertos/freertos-7.0.0/source/list.o
                0x004009dc                vListInitialise
 .text.vListInitialiseItem
                0x004009f2        0x6 src/ASF/thirdparty/freertos/freertos-7.0.0/source/list.o
                0x004009f2                vListInitialiseItem
 .text.vListInsertEnd
                0x004009f8       0x1c src/ASF/thirdparty/freertos/freertos-7.0.0/source/list.o
                0x004009f8                vListInsertEnd
 .text.vListInsert
                0x00400a14       0x3a src/ASF/thirdparty/freertos/freertos-7.0.0/source/list.o
                0x00400a14                vListInsert
 .text.vListRemove
                0x00400a4e       0x24 src/ASF/thirdparty/freertos/freertos-7.0.0/source/list.o
                0x00400a4e                vListRemove
 .text.pxPortInitialiseStack
                0x00400a72       0x1a src/ASF/thirdparty/freertos/freertos-7.0.0/source/portable/gcc/sam/port.o
                0x00400a72                pxPortInitialiseStack
 .text.vPortSVCHandler
                0x00400a8c       0x20 src/ASF/thirdparty/freertos/freertos-7.0.0/source/portable/gcc/sam/port.o
                0x00400a8c                vPortSVCHandler
                0x00400a8c                SVC_Handler
 .text.vPortStartFirstTask
                0x00400aac       0x10 src/ASF/thirdparty/freertos/freertos-7.0.0/source/portable/gcc/sam/port.o
                0x00400aac                vPortStartFirstTask
 .text.xPortStartScheduler
                0x00400abc       0x40 src/ASF/thirdparty/freertos/freertos-7.0.0/source/portable/gcc/sam/port.o
                0x00400abc                xPortStartScheduler
 .text.vPortYieldFromISR
                0x00400afc       0x10 src/ASF/thirdparty/freertos/freertos-7.0.0/source/portable/gcc/sam/port.o
                0x00400afc                vPortYieldFromISR
 .text.vPortEnterCritical
                0x00400b0c       0x18 src/ASF/thirdparty/freertos/freertos-7.0.0/source/portable/gcc/sam/port.o
                0x00400b0c                vPortEnterCritical
 .text.vPortExitCritical
                0x00400b24       0x18 src/ASF/thirdparty/freertos/freertos-7.0.0/source/portable/gcc/sam/port.o
                0x00400b24                vPortExitCritical
 .text.xPortPendSVHandler
                0x00400b3c       0x3c src/ASF/thirdparty/freertos/freertos-7.0.0/source/portable/gcc/sam/port.o
                0x00400b3c                xPortPendSVHandler
                0x00400b3c                PendSV_Handler
 .text.xPortSysTickHandler
                0x00400b78       0x1c src/ASF/thirdparty/freertos/freertos-7.0.0/source/portable/gcc/sam/port.o
                0x00400b78                xPortSysTickHandler
 .text.pvPortMalloc
                0x00400b94       0x24 src/ASF/thirdparty/freertos/freertos-7.0.0/source/portable/memmang/heap_3.o
                0x00400b94                pvPortMalloc
 .text.vPortFree
                0x00400bb8       0x24 src/ASF/thirdparty/freertos/freertos-7.0.0/source/portable/memmang/heap_3.o
                0x00400bb8                vPortFree
 .text.prvCopyDataToQueue
                0x00400bdc       0x68 src/ASF/thirdparty/freertos/freertos-7.0.0/source/queue.o
 .text.prvCopyDataFromQueue
                0x00400c44       0x28 src/ASF/thirdparty/freertos/freertos-7.0.0/source/queue.o
 .text.prvUnlockQueue
                0x00400c6c       0x90 src/ASF/thirdparty/freertos/freertos-7.0.0/source/queue.o
 .text.xQueueCreate
                0x00400cfc       0x6c src/ASF/thirdparty/freertos/freertos-7.0.0/source/queue.o
                0x00400cfc                xQueueCreate
 .text.xQueueGenericSend
                0x00400d68      0x108 src/ASF/thirdparty/freertos/freertos-7.0.0/source/queue.o
                0x00400d68                xQueueGenericSend
 .text.xQueueGenericReceive
                0x00400e70      0x14c src/ASF/thirdparty/freertos/freertos-7.0.0/source/queue.o
                0x00400e70                xQueueGenericReceive
 .text.uxQueueMessagesWaiting
                0x00400fbc       0x1c src/ASF/thirdparty/freertos/freertos-7.0.0/source/queue.o
                0x00400fbc                uxQueueMessagesWaiting
 .text.prvAddCurrentTaskToDelayedList
                0x00400fd8       0x58 src/ASF/thirdparty/freertos/freertos-7.0.0/source/tasks.o
 .text.prvIdleTask
                0x00401030       0x14 src/ASF/thirdparty/freertos/freertos-7.0.0/source/tasks.o
 .text.prvListTaskWithinSingleList
                0x00401044       0x94 src/ASF/thirdparty/freertos/freertos-7.0.0/source/tasks.o
 .text.xTaskGenericCreate
                0x004010d8      0x1e0 src/ASF/thirdparty/freertos/freertos-7.0.0/source/tasks.o
                0x004010d8                xTaskGenericCreate
 .text.vTaskStartScheduler
                0x004012b8       0x54 src/ASF/thirdparty/freertos/freertos-7.0.0/source/tasks.o
                0x004012b8                vTaskStartScheduler
 .text.vTaskSuspendAll
                0x0040130c       0x10 src/ASF/thirdparty/freertos/freertos-7.0.0/source/tasks.o
                0x0040130c                vTaskSuspendAll
 .text.uxTaskGetNumberOfTasks
                0x0040131c        0xc src/ASF/thirdparty/freertos/freertos-7.0.0/source/tasks.o
                0x0040131c                uxTaskGetNumberOfTasks
 .text.vTaskIncrementTick
                0x00401328      0x120 src/ASF/thirdparty/freertos/freertos-7.0.0/source/tasks.o
                0x00401328                vTaskIncrementTick
 .text.xTaskResumeAll
                0x00401448       0xec src/ASF/thirdparty/freertos/freertos-7.0.0/source/tasks.o
                0x00401448                xTaskResumeAll
 .text.vTaskDelay
                0x00401534       0x4c src/ASF/thirdparty/freertos/freertos-7.0.0/source/tasks.o
                0x00401534                vTaskDelay
 .text.vTaskList
                0x00401580       0xc8 src/ASF/thirdparty/freertos/freertos-7.0.0/source/tasks.o
                0x00401580                vTaskList
 .text.vTaskSwitchContext
                0x00401648      0x138 src/ASF/thirdparty/freertos/freertos-7.0.0/source/tasks.o
                0x00401648                vTaskSwitchContext
 .text.vTaskPlaceOnEventList
                0x00401780       0x50 src/ASF/thirdparty/freertos/freertos-7.0.0/source/tasks.o
                0x00401780                vTaskPlaceOnEventList
 .text.xTaskRemoveFromEventList
                0x004017d0       0x74 src/ASF/thirdparty/freertos/freertos-7.0.0/source/tasks.o
                0x004017d0                xTaskRemoveFromEventList
 .text.vTaskSetTimeOutState
                0x00401844       0x18 src/ASF/thirdparty/freertos/freertos-7.0.0/source/tasks.o
                0x00401844                vTaskSetTimeOutState
 .text.xTaskCheckForTimeOut
                0x0040185c       0x6c src/ASF/thirdparty/freertos/freertos-7.0.0/source/tasks.o
                0x0040185c                xTaskCheckForTimeOut
 .text.vTaskMissedYield
                0x004018c8        0xc src/ASF/thirdparty/freertos/freertos-7.0.0/source/tasks.o
                0x004018c8                vTaskMissedYield
 .text.xTaskGetCurrentTaskHandle
                0x004018d4        0xc src/ASF/thirdparty/freertos/freertos-7.0.0/source/tasks.o
                0x004018d4                xTaskGetCurrentTaskHandle
 .text.vTaskPriorityInherit
                0x004018e0       0x78 src/ASF/thirdparty/freertos/freertos-7.0.0/source/tasks.o
                0x004018e0                vTaskPriorityInherit
 .text.vTaskPriorityDisinherit
                0x00401958       0x50 src/ASF/thirdparty/freertos/freertos-7.0.0/source/tasks.o
                0x00401958                vTaskPriorityDisinherit
 .text.Atuador  0x004019a8       0x78 src/main.o
 .text.Controlador
                0x00401a20       0x58 src/main.o
 .text.Dados_Sensor
                0x00401a78       0x5c src/main.o
 .text.task_led
                0x00401ad4       0x14 src/main.o
 .text.task_monitor
                0x00401ae8       0x40 src/main.o
 .text.usart_serial_getchar
                0x00401b28       0x88 src/main.o
 .text.usart_serial_putchar
                0x00401bb0       0x80 src/main.o
 .text.SysTick_Handler
                0x00401c30        0xc src/main.o
                0x00401c30                SysTick_Handler
 .text.vApplicationStackOverflowHook
                0x00401c3c       0x18 src/main.o
                0x00401c3c                vApplicationStackOverflowHook
 .text.vApplicationIdleHook
                0x00401c54        0x2 src/main.o
                0x00401c54                vApplicationIdleHook
 .text.vApplicationTickHook
                0x00401c56        0x2 src/main.o
                0x00401c56                vApplicationTickHook
 .text.main     0x00401c58      0x22c src/main.o
                0x00401c58                main
 .text.__libc_init_array
                0x00401e84       0x50 c:/program files (x86)/atmel/studio/7.0/toolchain/arm/arm-gnu-toolchain/bin/../lib/gcc/arm-none-eabi/6.2.1/../../../../arm-none-eabi/lib/thumb/v7-m\libc.a(lib_a-init.o)
                0x00401e84                __libc_init_array
 .text.iprintf  0x00401ed4       0x28 c:/program files (x86)/atmel/studio/7.0/toolchain/arm/arm-gnu-toolchain/bin/../lib/gcc/arm-none-eabi/6.2.1/../../../../arm-none-eabi/lib/thumb/v7-m\libc.a(lib_a-iprintf.o)
                0x00401ed4                iprintf
 .text.malloc   0x00401efc       0x10 c:/program files (x86)/atmel/studio/7.0/toolchain/arm/arm-gnu-toolchain/bin/../lib/gcc/arm-none-eabi/6.2.1/../../../../arm-none-eabi/lib/thumb/v7-m\libc.a(lib_a-malloc.o)
                0x00401efc                malloc
 .text.free     0x00401f0c       0x10 c:/program files (x86)/atmel/studio/7.0/toolchain/arm/arm-gnu-toolchain/bin/../lib/gcc/arm-none-eabi/6.2.1/../../../../arm-none-eabi/lib/thumb/v7-m\libc.a(lib_a-malloc.o)
                0x00401f0c                free
 .text._malloc_r
                0x00401f1c      0x544 c:/program files (x86)/atmel/studio/7.0/toolchain/arm/arm-gnu-toolchain/bin/../lib/gcc/arm-none-eabi/6.2.1/../../../../arm-none-eabi/lib/thumb/v7-m\libc.a(lib_a-mallocr.o)
                0x00401f1c                _malloc_r
 .text.memcmp   0x00402460       0x60 c:/program files (x86)/atmel/studio/7.0/toolchain/arm/arm-gnu-toolchain/bin/../lib/gcc/arm-none-eabi/6.2.1/../../../../arm-none-eabi/lib/thumb/v7-m\libc.a(lib_a-memcmp.o)
                0x00402460                memcmp
 .text          0x004024c0       0xec c:/program files (x86)/atmel/studio/7.0/toolchain/arm/arm-gnu-toolchain/bin/../lib/gcc/arm-none-eabi/6.2.1/../../../../arm-none-eabi/lib/thumb/v7-m\libc.a(lib_a-memcpy.o)
                0x004024c0                memcpy
 .text.memset   0x004025ac       0x9c c:/program files (x86)/atmel/studio/7.0/toolchain/arm/arm-gnu-toolchain/bin/../lib/gcc/arm-none-eabi/6.2.1/../../../../arm-none-eabi/lib/thumb/v7-m\libc.a(lib_a-memset.o)
                0x004025ac                memset
 .text.__malloc_lock
                0x00402648        0x4 c:/program files (x86)/atmel/studio/7.0/toolchain/arm/arm-gnu-toolchain/bin/../lib/gcc/arm-none-eabi/6.2.1/../../../../arm-none-eabi/lib/thumb/v7-m\libc.a(lib_a-mlock.o)
                0x00402648                __malloc_lock
 .text.__malloc_unlock
                0x0040264c        0x4 c:/program files (x86)/atmel/studio/7.0/toolchain/arm/arm-gnu-toolchain/bin/../lib/gcc/arm-none-eabi/6.2.1/../../../../arm-none-eabi/lib/thumb/v7-m\libc.a(lib_a-mlock.o)
                0x0040264c                __malloc_unlock
 .text._sbrk_r  0x00402650       0x24 c:/program files (x86)/atmel/studio/7.0/toolchain/arm/arm-gnu-toolchain/bin/../lib/gcc/arm-none-eabi/6.2.1/../../../../arm-none-eabi/lib/thumb/v7-m\libc.a(lib_a-sbrkr.o)
                0x00402650                _sbrk_r
 .text.setbuf   0x00402674       0x10 c:/program files (x86)/atmel/studio/7.0/toolchain/arm/arm-gnu-toolchain/bin/../lib/gcc/arm-none-eabi/6.2.1/../../../../arm-none-eabi/lib/thumb/v7-m\libc.a(lib_a-setbuf.o)
                0x00402674                setbuf
 .text.setvbuf  0x00402684      0x14c c:/program files (x86)/atmel/studio/7.0/toolchain/arm/arm-gnu-toolchain/bin/../lib/gcc/arm-none-eabi/6.2.1/../../../../arm-none-eabi/lib/thumb/v7-m\libc.a(lib_a-setvbuf.o)
                0x00402684                setvbuf
 .text.sprintf  0x004027d0       0x4c c:/program files (x86)/atmel/studio/7.0/toolchain/arm/arm-gnu-toolchain/bin/../lib/gcc/arm-none-eabi/6.2.1/../../../../arm-none-eabi/lib/thumb/v7-m\libc.a(lib_a-sprintf.o)
                0x004027d0                sprintf
 .text.strcat   0x0040281c       0x40 c:/program files (x86)/atmel/studio/7.0/toolchain/arm/arm-gnu-toolchain/bin/../lib/gcc/arm-none-eabi/6.2.1/../../../../arm-none-eabi/lib/thumb/v7-m\libc.a(lib_a-strcat.o)
                0x0040281c                strcat
 .text.strcpy   0x0040285c       0xbc c:/program files (x86)/atmel/studio/7.0/toolchain/arm/arm-gnu-toolchain/bin/../lib/gcc/arm-none-eabi/6.2.1/../../../../arm-none-eabi/lib/thumb/v7-m\libc.a(lib_a-strcpy.o)
                0x0040285c                strcpy
 .text.strlen   0x00402918       0x5c c:/program files (x86)/atmel/studio/7.0/toolchain/arm/arm-gnu-toolchain/bin/../lib/gcc/arm-none-eabi/6.2.1/../../../../arm-none-eabi/lib/thumb/v7-m\libc.a(lib_a-strlen-stub.o)
                0x00402918                strlen
 .text.strncpy  0x00402974       0x64 c:/program files (x86)/atmel/studio/7.0/toolchain/arm/arm-gnu-toolchain/bin/../lib/gcc/arm-none-eabi/6.2.1/../../../../arm-none-eabi/lib/thumb/v7-m\libc.a(lib_a-strncpy.o)
                0x00402974                strncpy
 .text._svfprintf_r
                0x004029d8     0x14f8 c:/program files (x86)/atmel/studio/7.0/toolchain/arm/arm-gnu-toolchain/bin/../lib/gcc/arm-none-eabi/6.2.1/../../../../arm-none-eabi/lib/thumb/v7-m\libc.a(lib_a-svfprintf.o)
                0x004029d8                _svfprintf_r
 .text.__sprint_r.part.0
                0x00403ed0       0x80 c:/program files (x86)/atmel/studio/7.0/toolchain/arm/arm-gnu-toolchain/bin/../lib/gcc/arm-none-eabi/6.2.1/../../../../arm-none-eabi/lib/thumb/v7-m\libc.a(lib_a-vfiprintf.o)
 .text._vfiprintf_r
                0x00403f50      0xbf4 c:/program files (x86)/atmel/studio/7.0/toolchain/arm/arm-gnu-toolchain/bin/../lib/gcc/arm-none-eabi/6.2.1/../../../../arm-none-eabi/lib/thumb/v7-m\libc.a(lib_a-vfiprintf.o)
                0x00403f50                _vfiprintf_r
 .text.__sbprintf
                0x00404b44       0x6c c:/program files (x86)/atmel/studio/7.0/toolchain/arm/arm-gnu-toolchain/bin/../lib/gcc/arm-none-eabi/6.2.1/../../../../arm-none-eabi/lib/thumb/v7-m\libc.a(lib_a-vfiprintf.o)
 .text.__swsetup_r
                0x00404bb0       0xc8 c:/program files (x86)/atmel/studio/7.0/toolchain/arm/arm-gnu-toolchain/bin/../lib/gcc/arm-none-eabi/6.2.1/../../../../arm-none-eabi/lib/thumb/v7-m\libc.a(lib_a-wsetup.o)
                0x00404bb0                __swsetup_r
 .text.startup.register_fini
                0x00404c78       0x14 c:/program files (x86)/atmel/studio/7.0/toolchain/arm/arm-gnu-toolchain/bin/../lib/gcc/arm-none-eabi/6.2.1/../../../../arm-none-eabi/lib/thumb/v7-m\libc.a(lib_a-__call_atexit.o)
 .text.atexit   0x00404c8c        0xc c:/program files (x86)/atmel/studio/7.0/toolchain/arm/arm-gnu-toolchain/bin/../lib/gcc/arm-none-eabi/6.2.1/../../../../arm-none-eabi/lib/thumb/v7-m\libc.a(lib_a-atexit.o)
                0x00404c8c                atexit
 .text.quorem   0x00404c98      0x128 c:/program files (x86)/atmel/studio/7.0/toolchain/arm/arm-gnu-toolchain/bin/../lib/gcc/arm-none-eabi/6.2.1/../../../../arm-none-eabi/lib/thumb/v7-m\libc.a(lib_a-dtoa.o)
 .text._dtoa_r  0x00404dc0      0xe44 c:/program files (x86)/atmel/studio/7.0/toolchain/arm/arm-gnu-toolchain/bin/../lib/gcc/arm-none-eabi/6.2.1/../../../../arm-none-eabi/lib/thumb/v7-m\libc.a(lib_a-dtoa.o)
                0x00404dc0                _dtoa_r
 .text.__sflush_r
                0x00405c04      0x138 c:/program files (x86)/atmel/studio/7.0/toolchain/arm/arm-gnu-toolchain/bin/../lib/gcc/arm-none-eabi/6.2.1/../../../../arm-none-eabi/lib/thumb/v7-m\libc.a(lib_a-fflush.o)
                0x00405c04                __sflush_r
 .text._fflush_r
                0x00405d3c       0x2c c:/program files (x86)/atmel/studio/7.0/toolchain/arm/arm-gnu-toolchain/bin/../lib/gcc/arm-none-eabi/6.2.1/../../../../arm-none-eabi/lib/thumb/v7-m\libc.a(lib_a-fflush.o)
                0x00405d3c                _fflush_r
 .text._cleanup_r
                0x00405d68        0xc c:/program files (x86)/atmel/studio/7.0/toolchain/arm/arm-gnu-toolchain/bin/../lib/gcc/arm-none-eabi/6.2.1/../../../../arm-none-eabi/lib/thumb/v7-m\libc.a(lib_a-findfp.o)
                0x00405d68                _cleanup_r
 .text.__sinit.part.1
                0x00405d74       0xf0 c:/program files (x86)/atmel/studio/7.0/toolchain/arm/arm-gnu-toolchain/bin/../lib/gcc/arm-none-eabi/6.2.1/../../../../arm-none-eabi/lib/thumb/v7-m\libc.a(lib_a-findfp.o)
 .text.__sinit  0x00405e64        0xc c:/program files (x86)/atmel/studio/7.0/toolchain/arm/arm-gnu-toolchain/bin/../lib/gcc/arm-none-eabi/6.2.1/../../../../arm-none-eabi/lib/thumb/v7-m\libc.a(lib_a-findfp.o)
                0x00405e64                __sinit
 .text.__sfp_lock_acquire
                0x00405e70        0x4 c:/program files (x86)/atmel/studio/7.0/toolchain/arm/arm-gnu-toolchain/bin/../lib/gcc/arm-none-eabi/6.2.1/../../../../arm-none-eabi/lib/thumb/v7-m\libc.a(lib_a-findfp.o)
                0x00405e70                __sfp_lock_acquire
 .text.__sfp_lock_release
                0x00405e74        0x4 c:/program files (x86)/atmel/studio/7.0/toolchain/arm/arm-gnu-toolchain/bin/../lib/gcc/arm-none-eabi/6.2.1/../../../../arm-none-eabi/lib/thumb/v7-m\libc.a(lib_a-findfp.o)
                0x00405e74                __sfp_lock_release
 .text.__libc_fini_array
                0x00405e78       0x34 c:/program files (x86)/atmel/studio/7.0/toolchain/arm/arm-gnu-toolchain/bin/../lib/gcc/arm-none-eabi/6.2.1/../../../../arm-none-eabi/lib/thumb/v7-m\libc.a(lib_a-fini.o)
                0x00405e78                __libc_fini_array
 .text.__fputwc
                0x00405eac       0x98 c:/program files (x86)/atmel/studio/7.0/toolchain/arm/arm-gnu-toolchain/bin/../lib/gcc/arm-none-eabi/6.2.1/../../../../arm-none-eabi/lib/thumb/v7-m\libc.a(lib_a-fputwc.o)
                0x00405eac                __fputwc
 .text._fputwc_r
                0x00405f44       0x24 c:/program files (x86)/atmel/studio/7.0/toolchain/arm/arm-gnu-toolchain/bin/../lib/gcc/arm-none-eabi/6.2.1/../../../../arm-none-eabi/lib/thumb/v7-m\libc.a(lib_a-fputwc.o)
                0x00405f44                _fputwc_r
 .text._malloc_trim_r
                0x00405f68       0xa0 c:/program files (x86)/atmel/studio/7.0/toolchain/arm/arm-gnu-toolchain/bin/../lib/gcc/arm-none-eabi/6.2.1/../../../../arm-none-eabi/lib/thumb/v7-m\libc.a(lib_a-freer.o)
                0x00405f68                _malloc_trim_r
 .text._free_r  0x00406008      0x1cc c:/program files (x86)/atmel/studio/7.0/toolchain/arm/arm-gnu-toolchain/bin/../lib/gcc/arm-none-eabi/6.2.1/../../../../arm-none-eabi/lib/thumb/v7-m\libc.a(lib_a-freer.o)
                0x00406008                _free_r
 .text.__sfvwrite_r
                0x004061d4      0x2f4 c:/program files (x86)/atmel/studio/7.0/toolchain/arm/arm-gnu-toolchain/bin/../lib/gcc/arm-none-eabi/6.2.1/../../../../arm-none-eabi/lib/thumb/v7-m\libc.a(lib_a-fvwrite.o)
                0x004061d4                __sfvwrite_r
 .text._fwalk_reent
                0x004064c8       0x50 c:/program files (x86)/atmel/studio/7.0/toolchain/arm/arm-gnu-toolchain/bin/../lib/gcc/arm-none-eabi/6.2.1/../../../../arm-none-eabi/lib/thumb/v7-m\libc.a(lib_a-fwalk.o)
                0x004064c8                _fwalk_reent
 .text.__locale_mb_cur_max
                0x00406518       0x1c c:/program files (x86)/atmel/studio/7.0/toolchain/arm/arm-gnu-toolchain/bin/../lib/gcc/arm-none-eabi/6.2.1/../../../../arm-none-eabi/lib/thumb/v7-m\libc.a(lib_a-locale.o)
                0x00406518                __locale_mb_cur_max
 .text._localeconv_r
                0x00406534       0x1c c:/program files (x86)/atmel/studio/7.0/toolchain/arm/arm-gnu-toolchain/bin/../lib/gcc/arm-none-eabi/6.2.1/../../../../arm-none-eabi/lib/thumb/v7-m\libc.a(lib_a-localeconv.o)
                0x00406534                _localeconv_r
 .text.__swhatbuf_r
                0x00406550       0x5c c:/program files (x86)/atmel/studio/7.0/toolchain/arm/arm-gnu-toolchain/bin/../lib/gcc/arm-none-eabi/6.2.1/../../../../arm-none-eabi/lib/thumb/v7-m\libc.a(lib_a-makebuf.o)
                0x00406550                __swhatbuf_r
 .text.__smakebuf_r
                0x004065ac       0x88 c:/program files (x86)/atmel/studio/7.0/toolchain/arm/arm-gnu-toolchain/bin/../lib/gcc/arm-none-eabi/6.2.1/../../../../arm-none-eabi/lib/thumb/v7-m\libc.a(lib_a-makebuf.o)
                0x004065ac                __smakebuf_r
 .text.__ascii_mbtowc
                0x00406634       0x2c c:/program files (x86)/atmel/studio/7.0/toolchain/arm/arm-gnu-toolchain/bin/../lib/gcc/arm-none-eabi/6.2.1/../../../../arm-none-eabi/lib/thumb/v7-m\libc.a(lib_a-mbtowc_r.o)
                0x00406634                __ascii_mbtowc
 .text.memchr   0x00406660       0x8c c:/program files (x86)/atmel/studio/7.0/toolchain/arm/arm-gnu-toolchain/bin/../lib/gcc/arm-none-eabi/6.2.1/../../../../arm-none-eabi/lib/thumb/v7-m\libc.a(lib_a-memchr-stub.o)
                0x00406660                memchr
 .text.memmove  0x004066ec       0xc8 c:/program files (x86)/atmel/studio/7.0/toolchain/arm/arm-gnu-toolchain/bin/../lib/gcc/arm-none-eabi/6.2.1/../../../../arm-none-eabi/lib/thumb/v7-m\libc.a(lib_a-memmove.o)
                0x004066ec                memmove
 .text._Balloc  0x004067b4       0x4c c:/program files (x86)/atmel/studio/7.0/toolchain/arm/arm-gnu-toolchain/bin/../lib/gcc/arm-none-eabi/6.2.1/../../../../arm-none-eabi/lib/thumb/v7-m\libc.a(lib_a-mprec.o)
                0x004067b4                _Balloc
 .text._Bfree   0x00406800       0x14 c:/program files (x86)/atmel/studio/7.0/toolchain/arm/arm-gnu-toolchain/bin/../lib/gcc/arm-none-eabi/6.2.1/../../../../arm-none-eabi/lib/thumb/v7-m\libc.a(lib_a-mprec.o)
                0x00406800                _Bfree
 .text.__multadd
                0x00406814       0x84 c:/program files (x86)/atmel/studio/7.0/toolchain/arm/arm-gnu-toolchain/bin/../lib/gcc/arm-none-eabi/6.2.1/../../../../arm-none-eabi/lib/thumb/v7-m\libc.a(lib_a-mprec.o)
                0x00406814                __multadd
 .text.__hi0bits
                0x00406898       0x40 c:/program files (x86)/atmel/studio/7.0/toolchain/arm/arm-gnu-toolchain/bin/../lib/gcc/arm-none-eabi/6.2.1/../../../../arm-none-eabi/lib/thumb/v7-m\libc.a(lib_a-mprec.o)
                0x00406898                __hi0bits
 .text.__lo0bits
                0x004068d8       0x60 c:/program files (x86)/atmel/studio/7.0/toolchain/arm/arm-gnu-toolchain/bin/../lib/gcc/arm-none-eabi/6.2.1/../../../../arm-none-eabi/lib/thumb/v7-m\libc.a(lib_a-mprec.o)
                0x004068d8                __lo0bits
 .text.__i2b    0x00406938       0x14 c:/program files (x86)/atmel/studio/7.0/toolchain/arm/arm-gnu-toolchain/bin/../lib/gcc/arm-none-eabi/6.2.1/../../../../arm-none-eabi/lib/thumb/v7-m\libc.a(lib_a-mprec.o)
                0x00406938                __i2b
 .text.__multiply
                0x0040694c      0x124 c:/program files (x86)/atmel/studio/7.0/toolchain/arm/arm-gnu-toolchain/bin/../lib/gcc/arm-none-eabi/6.2.1/../../../../arm-none-eabi/lib/thumb/v7-m\libc.a(lib_a-mprec.o)
                0x0040694c                __multiply
 .text.__pow5mult
                0x00406a70       0xa0 c:/program files (x86)/atmel/studio/7.0/toolchain/arm/arm-gnu-toolchain/bin/../lib/gcc/arm-none-eabi/6.2.1/../../../../arm-none-eabi/lib/thumb/v7-m\libc.a(lib_a-mprec.o)
                0x00406a70                __pow5mult
 .text.__lshift
                0x00406b10       0xa0 c:/program files (x86)/atmel/studio/7.0/toolchain/arm/arm-gnu-toolchain/bin/../lib/gcc/arm-none-eabi/6.2.1/../../../../arm-none-eabi/lib/thumb/v7-m\libc.a(lib_a-mprec.o)
                0x00406b10                __lshift
 .text.__mcmp   0x00406bb0       0x38 c:/program files (x86)/atmel/studio/7.0/toolchain/arm/arm-gnu-toolchain/bin/../lib/gcc/arm-none-eabi/6.2.1/../../../../arm-none-eabi/lib/thumb/v7-m\libc.a(lib_a-mprec.o)
                0x00406bb0                __mcmp
 .text.__mdiff  0x00406be8      0x11c c:/program files (x86)/atmel/studio/7.0/toolchain/arm/arm-gnu-toolchain/bin/../lib/gcc/arm-none-eabi/6.2.1/../../../../arm-none-eabi/lib/thumb/v7-m\libc.a(lib_a-mprec.o)
                0x00406be8                __mdiff
 .text.__d2b    0x00406d04       0xa8 c:/program files (x86)/atmel/studio/7.0/toolchain/arm/arm-gnu-toolchain/bin/../lib/gcc/arm-none-eabi/6.2.1/../../../../arm-none-eabi/lib/thumb/v7-m\libc.a(lib_a-mprec.o)
                0x00406d04                __d2b
 .text._realloc_r
                0x00406dac      0x36c c:/program files (x86)/atmel/studio/7.0/toolchain/arm/arm-gnu-toolchain/bin/../lib/gcc/arm-none-eabi/6.2.1/../../../../arm-none-eabi/lib/thumb/v7-m\libc.a(lib_a-reallocr.o)
                0x00406dac                _realloc_r
 .text.__sread  0x00407118       0x24 c:/program files (x86)/atmel/studio/7.0/toolchain/arm/arm-gnu-toolchain/bin/../lib/gcc/arm-none-eabi/6.2.1/../../../../arm-none-eabi/lib/thumb/v7-m\libc.a(lib_a-stdio.o)
                0x00407118                __sread
 .text.__swrite
                0x0040713c       0x3c c:/program files (x86)/atmel/studio/7.0/toolchain/arm/arm-gnu-toolchain/bin/../lib/gcc/arm-none-eabi/6.2.1/../../../../arm-none-eabi/lib/thumb/v7-m\libc.a(lib_a-stdio.o)
                0x0040713c                __swrite
 .text.__sseek  0x00407178       0x20 c:/program files (x86)/atmel/studio/7.0/toolchain/arm/arm-gnu-toolchain/bin/../lib/gcc/arm-none-eabi/6.2.1/../../../../arm-none-eabi/lib/thumb/v7-m\libc.a(lib_a-stdio.o)
                0x00407178                __sseek
 .text.__sclose
                0x00407198        0x8 c:/program files (x86)/atmel/studio/7.0/toolchain/arm/arm-gnu-toolchain/bin/../lib/gcc/arm-none-eabi/6.2.1/../../../../arm-none-eabi/lib/thumb/v7-m\libc.a(lib_a-stdio.o)
                0x00407198                __sclose
 .text.__ssprint_r
                0x004071a0       0xfc c:/program files (x86)/atmel/studio/7.0/toolchain/arm/arm-gnu-toolchain/bin/../lib/gcc/arm-none-eabi/6.2.1/../../../../arm-none-eabi/lib/thumb/v7-m\libc.a(lib_a-svfiprintf.o)
                0x004071a0                __ssprint_r
 .text.__swbuf_r
                0x0040729c       0xb0 c:/program files (x86)/atmel/studio/7.0/toolchain/arm/arm-gnu-toolchain/bin/../lib/gcc/arm-none-eabi/6.2.1/../../../../arm-none-eabi/lib/thumb/v7-m\libc.a(lib_a-wbuf.o)
                0x0040729c                __swbuf_r
 .text._wcrtomb_r
                0x0040734c       0x54 c:/program files (x86)/atmel/studio/7.0/toolchain/arm/arm-gnu-toolchain/bin/../lib/gcc/arm-none-eabi/6.2.1/../../../../arm-none-eabi/lib/thumb/v7-m\libc.a(lib_a-wcrtomb.o)
                0x0040734c                _wcrtomb_r
 .text.__ascii_wctomb
                0x004073a0       0x18 c:/program files (x86)/atmel/studio/7.0/toolchain/arm/arm-gnu-toolchain/bin/../lib/gcc/arm-none-eabi/6.2.1/../../../../arm-none-eabi/lib/thumb/v7-m\libc.a(lib_a-wctomb_r.o)
                0x004073a0                __ascii_wctomb
 .text._write_r
                0x004073b8       0x2c c:/program files (x86)/atmel/studio/7.0/toolchain/arm/arm-gnu-toolchain/bin/../lib/gcc/arm-none-eabi/6.2.1/../../../../arm-none-eabi/lib/thumb/v7-m\libc.a(lib_a-writer.o)
                0x004073b8                _write_r
 .text.__register_exitproc
                0x004073e4       0xac c:/program files (x86)/atmel/studio/7.0/toolchain/arm/arm-gnu-toolchain/bin/../lib/gcc/arm-none-eabi/6.2.1/../../../../arm-none-eabi/lib/thumb/v7-m\libc.a(lib_a-__atexit.o)
                0x004073e4                __register_exitproc
 .text._calloc_r
                0x00407490       0x60 c:/program files (x86)/atmel/studio/7.0/toolchain/arm/arm-gnu-toolchain/bin/../lib/gcc/arm-none-eabi/6.2.1/../../../../arm-none-eabi/lib/thumb/v7-m\libc.a(lib_a-callocr.o)
                0x00407490                _calloc_r
 .text._close_r
                0x004074f0       0x24 c:/program files (x86)/atmel/studio/7.0/toolchain/arm/arm-gnu-toolchain/bin/../lib/gcc/arm-none-eabi/6.2.1/../../../../arm-none-eabi/lib/thumb/v7-m\libc.a(lib_a-closer.o)
                0x004074f0                _close_r
 .text._fclose_r
                0x00407514       0x80 c:/program files (x86)/atmel/studio/7.0/toolchain/arm/arm-gnu-toolchain/bin/../lib/gcc/arm-none-eabi/6.2.1/../../../../arm-none-eabi/lib/thumb/v7-m\libc.a(lib_a-fclose.o)
                0x00407514                _fclose_r
 .text._fstat_r
                0x00407594       0x28 c:/program files (x86)/atmel/studio/7.0/toolchain/arm/arm-gnu-toolchain/bin/../lib/gcc/arm-none-eabi/6.2.1/../../../../arm-none-eabi/lib/thumb/v7-m\libc.a(lib_a-fstatr.o)
                0x00407594                _fstat_r
 .text._isatty_r
                0x004075bc       0x24 c:/program files (x86)/atmel/studio/7.0/toolchain/arm/arm-gnu-toolchain/bin/../lib/gcc/arm-none-eabi/6.2.1/../../../../arm-none-eabi/lib/thumb/v7-m\libc.a(lib_a-isattyr.o)
                0x004075bc                _isatty_r
 .text._lseek_r
                0x004075e0       0x2c c:/program files (x86)/atmel/studio/7.0/toolchain/arm/arm-gnu-toolchain/bin/../lib/gcc/arm-none-eabi/6.2.1/../../../../arm-none-eabi/lib/thumb/v7-m\libc.a(lib_a-lseekr.o)
                0x004075e0                _lseek_r
 .text._read_r  0x0040760c       0x2c c:/program files (x86)/atmel/studio/7.0/toolchain/arm/arm-gnu-toolchain/bin/../lib/gcc/arm-none-eabi/6.2.1/../../../../arm-none-eabi/lib/thumb/v7-m\libc.a(lib_a-readr.o)
                0x0040760c                _read_r
 .text          0x00407638      0x370 c:/program files (x86)/atmel/studio/7.0/toolchain/arm/arm-gnu-toolchain/bin/../lib/gcc/arm-none-eabi/6.2.1/thumb/v7-m\libgcc.a(_arm_addsubdf3.o)
                0x00407638                __aeabi_drsub
                0x00407640                __aeabi_dsub
                0x00407640                __subdf3
                0x00407644                __aeabi_dadd
                0x00407644                __adddf3
                0x004078bc                __floatunsidf
                0x004078bc                __aeabi_ui2d
                0x004078dc                __floatsidf
                0x004078dc                __aeabi_i2d
                0x00407900                __aeabi_f2d
                0x00407900                __extendsfdf2
                0x0040793c                __floatundidf
                0x0040793c                __aeabi_ul2d
                0x0040794c                __floatdidf
                0x0040794c                __aeabi_l2d
 .text          0x004079a8      0x424 c:/program files (x86)/atmel/studio/7.0/toolchain/arm/arm-gnu-toolchain/bin/../lib/gcc/arm-none-eabi/6.2.1/thumb/v7-m\libgcc.a(_arm_muldivdf3.o)
                0x004079a8                __aeabi_dmul
                0x004079a8                __muldf3
                0x00407bfc                __divdf3
                0x00407bfc                __aeabi_ddiv
 .text          0x00407dcc      0x110 c:/program files (x86)/atmel/studio/7.0/toolchain/arm/arm-gnu-toolchain/bin/../lib/gcc/arm-none-eabi/6.2.1/thumb/v7-m\libgcc.a(_arm_cmpdf2.o)
                0x00407dcc                __gtdf2
                0x00407dcc                __gedf2
                0x00407dd4                __ltdf2
                0x00407dd4                __ledf2
                0x00407ddc                __nedf2
                0x00407ddc                __eqdf2
                0x00407ddc                __cmpdf2
                0x00407e58                __aeabi_cdrcmple
                0x00407e68                __aeabi_cdcmpeq
                0x00407e68                __aeabi_cdcmple
                0x00407e78                __aeabi_dcmpeq
                0x00407e8c                __aeabi_dcmplt
                0x00407ea0                __aeabi_dcmple
                0x00407eb4                __aeabi_dcmpge
                0x00407ec8                __aeabi_dcmpgt
 .text          0x00407edc       0x2c c:/program files (x86)/atmel/studio/7.0/toolchain/arm/arm-gnu-toolchain/bin/../lib/gcc/arm-none-eabi/6.2.1/thumb/v7-m\libgcc.a(_arm_unorddf2.o)
                0x00407edc                __unorddf2
                0x00407edc                __aeabi_dcmpun
 .text          0x00407f08       0x50 c:/program files (x86)/atmel/studio/7.0/toolchain/arm/arm-gnu-toolchain/bin/../lib/gcc/arm-none-eabi/6.2.1/thumb/v7-m\libgcc.a(_arm_fixdfsi.o)
                0x00407f08                __aeabi_d2iz
                0x00407f08                __fixdfsi
 .text          0x00407f58       0x30 c:/program files (x86)/atmel/studio/7.0/toolchain/arm/arm-gnu-toolchain/bin/../lib/gcc/arm-none-eabi/6.2.1/thumb/v7-m\libgcc.a(_aeabi_uldivmod.o)
                0x00407f58                __aeabi_uldivmod
 .text          0x00407f88      0x2dc c:/program files (x86)/atmel/studio/7.0/toolchain/arm/arm-gnu-toolchain/bin/../lib/gcc/arm-none-eabi/6.2.1/thumb/v7-m\libgcc.a(_udivmoddi4.o)
                0x00407f88                __udivmoddi4
 .text          0x00408264        0x4 c:/program files (x86)/atmel/studio/7.0/toolchain/arm/arm-gnu-toolchain/bin/../lib/gcc/arm-none-eabi/6.2.1/thumb/v7-m\libgcc.a(_dvmd_tls.o)
                0x00408264                __aeabi_idiv0
                0x00408264                __aeabi_ldiv0
 *(.glue_7t)
 .glue_7t       0x00408268        0x0 linker stubs
 *(.glue_7)
 .glue_7        0x00408268        0x0 linker stubs
 *(.rodata .rodata* .gnu.linkonce.r.*)
 .rodata.prvListTaskWithinSingleList.str1.4
                0x00408268       0x12 src/ASF/thirdparty/freertos/freertos-7.0.0/source/tasks.o
 *fill*         0x0040827a        0x2 
 .rodata.ucExpectedStackBytes.7466
                0x0040827c       0x14 src/ASF/thirdparty/freertos/freertos-7.0.0/source/tasks.o
 .rodata.vTaskList.str1.4
                0x00408290       0x12 src/ASF/thirdparty/freertos/freertos-7.0.0/source/tasks.o
                                  0x3 (size before relaxing)
 .rodata.vTaskStartScheduler.str1.4
                0x00408290        0x5 src/ASF/thirdparty/freertos/freertos-7.0.0/source/tasks.o
 *fill*         0x00408295        0x3 
 .rodata.Atuador.str1.4
                0x00408298       0x60 src/main.o
 .rodata.Controlador.str1.4
                0x004082f8       0x44 src/main.o
 .rodata.Dados_Sensor.str1.4
                0x0040833c       0x2c src/main.o
 .rodata.main.str1.4
                0x00408368       0xcc src/main.o
 .rodata.task_monitor.str1.4
                0x00408434        0xf src/main.o
 *fill*         0x00408443        0x1 
 .rodata.vApplicationStackOverflowHook.str1.4
                0x00408444       0x17 src/main.o
 *fill*         0x0040845b        0x1 
 .rodata._global_impure_ptr
                0x0040845c        0x4 c:/program files (x86)/atmel/studio/7.0/toolchain/arm/arm-gnu-toolchain/bin/../lib/gcc/arm-none-eabi/6.2.1/../../../../arm-none-eabi/lib/thumb/v7-m\libc.a(lib_a-impure.o)
                0x0040845c                _global_impure_ptr
 .rodata._svfprintf_r.str1.4
                0x00408460       0x42 c:/program files (x86)/atmel/studio/7.0/toolchain/arm/arm-gnu-toolchain/bin/../lib/gcc/arm-none-eabi/6.2.1/../../../../arm-none-eabi/lib/thumb/v7-m\libc.a(lib_a-svfprintf.o)
 *fill*         0x004084a2        0x2 
 .rodata.blanks.7208
                0x004084a4       0x10 c:/program files (x86)/atmel/studio/7.0/toolchain/arm/arm-gnu-toolchain/bin/../lib/gcc/arm-none-eabi/6.2.1/../../../../arm-none-eabi/lib/thumb/v7-m\libc.a(lib_a-svfprintf.o)
 .rodata.zeroes.7209
                0x004084b4       0x10 c:/program files (x86)/atmel/studio/7.0/toolchain/arm/arm-gnu-toolchain/bin/../lib/gcc/arm-none-eabi/6.2.1/../../../../arm-none-eabi/lib/thumb/v7-m\libc.a(lib_a-svfprintf.o)
 .rodata._vfiprintf_r.str1.4
                0x004084c4       0x2f c:/program files (x86)/atmel/studio/7.0/toolchain/arm/arm-gnu-toolchain/bin/../lib/gcc/arm-none-eabi/6.2.1/../../../../arm-none-eabi/lib/thumb/v7-m\libc.a(lib_a-vfiprintf.o)
 .rodata.blanks.7202
                0x004084c4       0x10 c:/program files (x86)/atmel/studio/7.0/toolchain/arm/arm-gnu-toolchain/bin/../lib/gcc/arm-none-eabi/6.2.1/../../../../arm-none-eabi/lib/thumb/v7-m\libc.a(lib_a-vfiprintf.o)
 .rodata.zeroes.7203
                0x004084d4       0x10 c:/program files (x86)/atmel/studio/7.0/toolchain/arm/arm-gnu-toolchain/bin/../lib/gcc/arm-none-eabi/6.2.1/../../../../arm-none-eabi/lib/thumb/v7-m\libc.a(lib_a-vfiprintf.o)
 .rodata._dtoa_r.str1.4
                0x004084e4       0x10 c:/program files (x86)/atmel/studio/7.0/toolchain/arm/arm-gnu-toolchain/bin/../lib/gcc/arm-none-eabi/6.2.1/../../../../arm-none-eabi/lib/thumb/v7-m\libc.a(lib_a-dtoa.o)
                                 0x12 (size before relaxing)
 .rodata._setlocale_r.str1.4
                0x004084f4        0xa c:/program files (x86)/atmel/studio/7.0/toolchain/arm/arm-gnu-toolchain/bin/../lib/gcc/arm-none-eabi/6.2.1/../../../../arm-none-eabi/lib/thumb/v7-m\libc.a(lib_a-locale.o)
                                  0xd (size before relaxing)
 *fill*         0x004084fe        0x2 
 .rodata.str1.4
                0x00408500        0x4 c:/program files (x86)/atmel/studio/7.0/toolchain/arm/arm-gnu-toolchain/bin/../lib/gcc/arm-none-eabi/6.2.1/../../../../arm-none-eabi/lib/thumb/v7-m\libc.a(lib_a-locale.o)
                                  0x2 (size before relaxing)
 *fill*         0x00408504        0x4 
 .rodata.__mprec_bigtens
                0x00408508       0x28 c:/program files (x86)/atmel/studio/7.0/toolchain/arm/arm-gnu-toolchain/bin/../lib/gcc/arm-none-eabi/6.2.1/../../../../arm-none-eabi/lib/thumb/v7-m\libc.a(lib_a-mprec.o)
                0x00408508                __mprec_bigtens
 .rodata.__mprec_tens
                0x00408530       0xc8 c:/program files (x86)/atmel/studio/7.0/toolchain/arm/arm-gnu-toolchain/bin/../lib/gcc/arm-none-eabi/6.2.1/../../../../arm-none-eabi/lib/thumb/v7-m\libc.a(lib_a-mprec.o)
                0x00408530                __mprec_tens
 .rodata.p05.6040
                0x004085f8        0xc c:/program files (x86)/atmel/studio/7.0/toolchain/arm/arm-gnu-toolchain/bin/../lib/gcc/arm-none-eabi/6.2.1/../../../../arm-none-eabi/lib/thumb/v7-m\libc.a(lib_a-mprec.o)
 .rodata._ctype_
                0x00408604      0x101 c:/program files (x86)/atmel/studio/7.0/toolchain/arm/arm-gnu-toolchain/bin/../lib/gcc/arm-none-eabi/6.2.1/../../../../arm-none-eabi/lib/thumb/v7-m\libc.a(lib_a-ctype_.o)
                0x00408604                _ctype_
 *(.ARM.extab* .gnu.linkonce.armextab.*)
                0x00408708                . = ALIGN (0x4)
 *fill*         0x00408705        0x3 
 *(.init)
 .init          0x00408708        0x4 c:/program files (x86)/atmel/studio/7.0/toolchain/arm/arm-gnu-toolchain/bin/../lib/gcc/arm-none-eabi/6.2.1/thumb/v7-m/crti.o
                0x00408708                _init
 .init          0x0040870c        0x8 c:/program files (x86)/atmel/studio/7.0/toolchain/arm/arm-gnu-toolchain/bin/../lib/gcc/arm-none-eabi/6.2.1/thumb/v7-m/crtn.o
                0x00408714                . = ALIGN (0x4)
                0x00408714                __preinit_array_start = .
 *(.preinit_array)
                0x00408714                __preinit_array_end = .
                0x00408714                . = ALIGN (0x4)
                0x00408714                __init_array_start = .
 *(SORT(.init_array.*))
 .init_array.00000
                0x00408714        0x4 c:/program files (x86)/atmel/studio/7.0/toolchain/arm/arm-gnu-toolchain/bin/../lib/gcc/arm-none-eabi/6.2.1/../../../../arm-none-eabi/lib/thumb/v7-m\libc.a(lib_a-__call_atexit.o)
 *(.init_array)
 .init_array    0x00408718        0x4 c:/program files (x86)/atmel/studio/7.0/toolchain/arm/arm-gnu-toolchain/bin/../lib/gcc/arm-none-eabi/6.2.1/thumb/v7-m/crtbegin.o
                0x0040871c                __init_array_end = .
                0x0040871c                . = ALIGN (0x4)
 *crtbegin.o(.ctors)
 *(EXCLUDE_FILE(*crtend.o) .ctors)
 *(SORT(.ctors.*))
 *crtend.o(.ctors)
                0x0040871c                . = ALIGN (0x4)
 *(.fini)
 .fini          0x0040871c        0x4 c:/program files (x86)/atmel/studio/7.0/toolchain/arm/arm-gnu-toolchain/bin/../lib/gcc/arm-none-eabi/6.2.1/thumb/v7-m/crti.o
                0x0040871c                _fini
 .fini          0x00408720        0x8 c:/program files (x86)/atmel/studio/7.0/toolchain/arm/arm-gnu-toolchain/bin/../lib/gcc/arm-none-eabi/6.2.1/thumb/v7-m/crtn.o
                0x00408728                . = ALIGN (0x4)
                0x00408728                __fini_array_start = .
 *(.fini_array)
 .fini_array    0x00408728        0x4 c:/program files (x86)/atmel/studio/7.0/toolchain/arm/arm-gnu-toolchain/bin/../lib/gcc/arm-none-eabi/6.2.1/thumb/v7-m/crtbegin.o
 *(SORT(.fini_array.*))
                0x0040872c                __fini_array_end = .
 *crtbegin.o(.dtors)
 *(EXCLUDE_FILE(*crtend.o) .dtors)
 *(SORT(.dtors.*))
 *crtend.o(.dtors)
                0x0040872c                . = ALIGN (0x4)
                0x0040872c                _efixed = .
                [!provide]                PROVIDE (__exidx_start, .)

.vfp11_veneer   0x0040872c        0x0
 .vfp11_veneer  0x0040872c        0x0 linker stubs

.v4_bx          0x0040872c        0x0
 .v4_bx         0x0040872c        0x0 linker stubs

.iplt           0x0040872c        0x0
 .iplt          0x0040872c        0x0 c:/program files (x86)/atmel/studio/7.0/toolchain/arm/arm-gnu-toolchain/bin/../lib/gcc/arm-none-eabi/6.2.1/thumb/v7-m/crtbegin.o

.ARM.exidx      0x0040872c        0x8
 *(.ARM.exidx* .gnu.linkonce.armexidx.*)
 .ARM.exidx     0x0040872c        0x8 c:/program files (x86)/atmel/studio/7.0/toolchain/arm/arm-gnu-toolchain/bin/../lib/gcc/arm-none-eabi/6.2.1/thumb/v7-m\libgcc.a(_udivmoddi4.o)
                [!provide]                PROVIDE (__exidx_end, .)

.eh_frame       0x00408734        0x0
 .eh_frame      0x00408734        0x0 c:/program files (x86)/atmel/studio/7.0/toolchain/arm/arm-gnu-toolchain/bin/../lib/gcc/arm-none-eabi/6.2.1/thumb/v7-m/crtbegin.o

.rel.dyn        0x00408734        0x0
 .rel.iplt      0x00408734        0x0 c:/program files (x86)/atmel/studio/7.0/toolchain/arm/arm-gnu-toolchain/bin/../lib/gcc/arm-none-eabi/6.2.1/thumb/v7-m/crtbegin.o

.jcr            0x00408734        0x0
 .jcr           0x00408734        0x0 c:/program files (x86)/atmel/studio/7.0/toolchain/arm/arm-gnu-toolchain/bin/../lib/gcc/arm-none-eabi/6.2.1/thumb/v7-m/crtbegin.o

.igot.plt       0x00408734        0x0
 .igot.plt      0x00408734        0x0 c:/program files (x86)/atmel/studio/7.0/toolchain/arm/arm-gnu-toolchain/bin/../lib/gcc/arm-none-eabi/6.2.1/thumb/v7-m/crtbegin.o
                0x00408734                . = ALIGN (0x4)
                0x00408734                _etext = .

.relocate       0x20000000      0xa9c load address 0x00408734
                0x20000000                . = ALIGN (0x4)
                0x20000000                _srelocate = .
 *(.ramfunc .ramfunc.*)
 .ramfunc       0x20000000       0xe4 src/ASF/sam/utils/cmsis/sam3n/source/templates/system_sam3n.o
                0x20000000                SystemInit
                0x200000a0                system_init_flash
 *(.data .data.*)
 .data.SystemCoreClock
                0x200000e4        0x4 src/ASF/sam/utils/cmsis/sam3n/source/templates/system_sam3n.o
                0x200000e4                SystemCoreClock
 .data.uxCriticalNesting
                0x200000e8        0x4 src/ASF/thirdparty/freertos/freertos-7.0.0/source/portable/gcc/sam/port.o
 .data.uxPreviousTask
                0x200000ec        0x4 src/ASF/thirdparty/freertos/freertos-7.0.0/source/tasks.o
 .data.xNextTaskUnblockTime
                0x200000f0        0x4 src/ASF/thirdparty/freertos/freertos-7.0.0/source/tasks.o
 .data._impure_ptr
                0x200000f4        0x4 c:/program files (x86)/atmel/studio/7.0/toolchain/arm/arm-gnu-toolchain/bin/../lib/gcc/arm-none-eabi/6.2.1/../../../../arm-none-eabi/lib/thumb/v7-m\libc.a(lib_a-impure.o)
                0x200000f4                _impure_ptr
 .data.impure_data
                0x200000f8      0x428 c:/program files (x86)/atmel/studio/7.0/toolchain/arm/arm-gnu-toolchain/bin/../lib/gcc/arm-none-eabi/6.2.1/../../../../arm-none-eabi/lib/thumb/v7-m\libc.a(lib_a-impure.o)
 .data.__malloc_av_
                0x20000520      0x408 c:/program files (x86)/atmel/studio/7.0/toolchain/arm/arm-gnu-toolchain/bin/../lib/gcc/arm-none-eabi/6.2.1/../../../../arm-none-eabi/lib/thumb/v7-m\libc.a(lib_a-mallocr.o)
                0x20000520                __malloc_av_
 .data.__malloc_sbrk_base
                0x20000928        0x4 c:/program files (x86)/atmel/studio/7.0/toolchain/arm/arm-gnu-toolchain/bin/../lib/gcc/arm-none-eabi/6.2.1/../../../../arm-none-eabi/lib/thumb/v7-m\libc.a(lib_a-mallocr.o)
                0x20000928                __malloc_sbrk_base
 .data.__malloc_trim_threshold
                0x2000092c        0x4 c:/program files (x86)/atmel/studio/7.0/toolchain/arm/arm-gnu-toolchain/bin/../lib/gcc/arm-none-eabi/6.2.1/../../../../arm-none-eabi/lib/thumb/v7-m\libc.a(lib_a-mallocr.o)
                0x2000092c                __malloc_trim_threshold
 .data.__global_locale
                0x20000930      0x16c c:/program files (x86)/atmel/studio/7.0/toolchain/arm/arm-gnu-toolchain/bin/../lib/gcc/arm-none-eabi/6.2.1/../../../../arm-none-eabi/lib/thumb/v7-m\libc.a(lib_a-locale.o)
                0x20000930                __global_locale
                0x20000a9c                . = ALIGN (0x4)
                0x20000a9c                _erelocate = .

.bss            0x20000a9c      0x318 load address 0x004091d0
                0x20000a9c                . = ALIGN (0x4)
                0x20000a9c                _sbss = .
                0x20000a9c                _szero = .
 *(.bss .bss.*)
 .bss           0x20000a9c       0x1c c:/program files (x86)/atmel/studio/7.0/toolchain/arm/arm-gnu-toolchain/bin/../lib/gcc/arm-none-eabi/6.2.1/thumb/v7-m/crtbegin.o
 .bss.gs_interrupt_sources
                0x20000ab8       0x70 src/ASF/sam/drivers/pio/pio_handler.o
 .bss.heap.5277
                0x20000b28        0x4 src/ASF/sam/utils/syscalls/gcc/syscalls.o
 .bss.pcStatusString
                0x20000b2c       0x32 src/ASF/thirdparty/freertos/freertos-7.0.0/source/tasks.o
 *fill*         0x20000b5e        0x2 
 .bss.pcTraceBuffer
                0x20000b60        0x4 src/ASF/thirdparty/freertos/freertos-7.0.0/source/tasks.o
 .bss.pcTraceBufferEnd
                0x20000b64        0x4 src/ASF/thirdparty/freertos/freertos-7.0.0/source/tasks.o
 .bss.pxCurrentTCB
                0x20000b68        0x4 src/ASF/thirdparty/freertos/freertos-7.0.0/source/tasks.o
                0x20000b68                pxCurrentTCB
 .bss.pxDelayedTaskList
                0x20000b6c        0x4 src/ASF/thirdparty/freertos/freertos-7.0.0/source/tasks.o
 .bss.pxOverflowDelayedTaskList
                0x20000b70        0x4 src/ASF/thirdparty/freertos/freertos-7.0.0/source/tasks.o
 .bss.pxReadyTasksLists
                0x20000b74       0x64 src/ASF/thirdparty/freertos/freertos-7.0.0/source/tasks.o
 .bss.uxCurrentNumberOfTasks
                0x20000bd8        0x4 src/ASF/thirdparty/freertos/freertos-7.0.0/source/tasks.o
 .bss.uxMissedTicks
                0x20000bdc        0x4 src/ASF/thirdparty/freertos/freertos-7.0.0/source/tasks.o
 .bss.uxSchedulerSuspended
                0x20000be0        0x4 src/ASF/thirdparty/freertos/freertos-7.0.0/source/tasks.o
 .bss.uxTaskNumber
                0x20000be4        0x4 src/ASF/thirdparty/freertos/freertos-7.0.0/source/tasks.o
 .bss.uxTopReadyPriority
                0x20000be8        0x4 src/ASF/thirdparty/freertos/freertos-7.0.0/source/tasks.o
 .bss.uxTopUsedPriority
                0x20000bec        0x4 src/ASF/thirdparty/freertos/freertos-7.0.0/source/tasks.o
 .bss.xDelayedTaskList1
                0x20000bf0       0x14 src/ASF/thirdparty/freertos/freertos-7.0.0/source/tasks.o
 .bss.xDelayedTaskList2
                0x20000c04       0x14 src/ASF/thirdparty/freertos/freertos-7.0.0/source/tasks.o
 .bss.xMissedYield
                0x20000c18        0x4 src/ASF/thirdparty/freertos/freertos-7.0.0/source/tasks.o
 .bss.xNumOfOverflows
                0x20000c1c        0x4 src/ASF/thirdparty/freertos/freertos-7.0.0/source/tasks.o
 .bss.xPendingReadyList
                0x20000c20       0x14 src/ASF/thirdparty/freertos/freertos-7.0.0/source/tasks.o
 .bss.xSchedulerRunning
                0x20000c34        0x4 src/ASF/thirdparty/freertos/freertos-7.0.0/source/tasks.o
 .bss.xSuspendedTaskList
                0x20000c38       0x14 src/ASF/thirdparty/freertos/freertos-7.0.0/source/tasks.o
 .bss.xTickCount
                0x20000c4c        0x4 src/ASF/thirdparty/freertos/freertos-7.0.0/source/tasks.o
 .bss.xTracing  0x20000c50        0x4 src/ASF/thirdparty/freertos/freertos-7.0.0/source/tasks.o
 .bss.szList.7986
                0x20000c54      0x100 src/main.o
 .bss.__malloc_current_mallinfo
                0x20000d54       0x28 c:/program files (x86)/atmel/studio/7.0/toolchain/arm/arm-gnu-toolchain/bin/../lib/gcc/arm-none-eabi/6.2.1/../../../../arm-none-eabi/lib/thumb/v7-m\libc.a(lib_a-mallocr.o)
                0x20000d54                __malloc_current_mallinfo
 .bss.__malloc_max_sbrked_mem
                0x20000d7c        0x4 c:/program files (x86)/atmel/studio/7.0/toolchain/arm/arm-gnu-toolchain/bin/../lib/gcc/arm-none-eabi/6.2.1/../../../../arm-none-eabi/lib/thumb/v7-m\libc.a(lib_a-mallocr.o)
                0x20000d7c                __malloc_max_sbrked_mem
 .bss.__malloc_max_total_mem
                0x20000d80        0x4 c:/program files (x86)/atmel/studio/7.0/toolchain/arm/arm-gnu-toolchain/bin/../lib/gcc/arm-none-eabi/6.2.1/../../../../arm-none-eabi/lib/thumb/v7-m\libc.a(lib_a-mallocr.o)
                0x20000d80                __malloc_max_total_mem
 .bss.__malloc_top_pad
                0x20000d84        0x4 c:/program files (x86)/atmel/studio/7.0/toolchain/arm/arm-gnu-toolchain/bin/../lib/gcc/arm-none-eabi/6.2.1/../../../../arm-none-eabi/lib/thumb/v7-m\libc.a(lib_a-mallocr.o)
                0x20000d84                __malloc_top_pad
 *(COMMON)
 COMMON         0x20000d88        0x4 src/ASF/common/utils/stdio/read.o
                0x20000d88                ptr_get
 COMMON         0x20000d8c        0x8 src/ASF/common/utils/stdio/write.o
                0x20000d8c                ptr_put
                0x20000d90                stdio_base
 COMMON         0x20000d94       0x1c src/main.o
                0x20000d94                g_pwm_channel_led
                0x20000da8                xQueue2
                0x20000dac                xQueue1
 COMMON         0x20000db0        0x4 c:/program files (x86)/atmel/studio/7.0/toolchain/arm/arm-gnu-toolchain/bin/../lib/gcc/arm-none-eabi/6.2.1/../../../../arm-none-eabi/lib/thumb/v7-m\libc.a(lib_a-reent.o)
                0x20000db0                errno
                0x20000db4                . = ALIGN (0x4)
                0x20000db4                _ebss = .
                0x20000db4                _ezero = .

.stack          0x20000db4      0x804 load address 0x004094e8
                0x20000db8                . = ALIGN (0x8)
 *fill*         0x20000db4        0x4 
                0x20000db8                _sstack = .
                0x200015b8                . = (. + __stack_size__)
 *fill*         0x20000db8      0x800 
                0x200015b8                . = ALIGN (0x8)
                0x200015b8                _estack = .
                0x200015b8                . = ALIGN (0x4)
                0x200015b8                _end = .
OUTPUT(FREERTOS_SAM_EXAMPLE2.elf elf32-littlearm)

.ARM.attributes
                0x00000000       0x29
 .ARM.attributes
                0x00000000       0x1d c:/program files (x86)/atmel/studio/7.0/toolchain/arm/arm-gnu-toolchain/bin/../lib/gcc/arm-none-eabi/6.2.1/thumb/v7-m/crti.o
 .ARM.attributes
                0x0000001d       0x2d c:/program files (x86)/atmel/studio/7.0/toolchain/arm/arm-gnu-toolchain/bin/../lib/gcc/arm-none-eabi/6.2.1/thumb/v7-m/crtbegin.o
 .ARM.attributes
                0x0000004a       0x33 src/ASF/sam/drivers/pwm/pwm.o
 .ARM.attributes
                0x0000007d       0x33 src/ASF/common/services/clock/sam3n/sysclk.o
 .ARM.attributes
                0x000000b0       0x33 src/ASF/common/utils/stdio/read.o
 .ARM.attributes
                0x000000e3       0x33 src/ASF/common/utils/stdio/write.o
 .ARM.attributes
                0x00000116       0x33 src/ASF/sam/boards/sam3n_ek/init.o
 .ARM.attributes
                0x00000149       0x33 src/ASF/sam/drivers/pio/pio.o
 .ARM.attributes
                0x0000017c       0x33 src/ASF/sam/drivers/pio/pio_handler.o
 .ARM.attributes
                0x000001af       0x33 src/ASF/sam/drivers/pmc/pmc.o
 .ARM.attributes
                0x000001e2       0x33 src/ASF/sam/drivers/uart/uart.o
 .ARM.attributes
                0x00000215       0x33 src/ASF/sam/drivers/usart/usart.o
 .ARM.attributes
                0x00000248       0x33 src/ASF/sam/utils/cmsis/sam3n/source/templates/exceptions.o
 .ARM.attributes
                0x0000027b       0x33 src/ASF/sam/utils/cmsis/sam3n/source/templates/gcc/startup_sam3n.o
 .ARM.attributes
                0x000002ae       0x33 src/ASF/sam/utils/cmsis/sam3n/source/templates/system_sam3n.o
 .ARM.attributes
                0x000002e1       0x33 src/ASF/sam/utils/syscalls/gcc/syscalls.o
 .ARM.attributes
                0x00000314       0x33 src/ASF/thirdparty/freertos/freertos-7.0.0/source/list.o
 .ARM.attributes
                0x00000347       0x33 src/ASF/thirdparty/freertos/freertos-7.0.0/source/portable/gcc/sam/port.o
 .ARM.attributes
                0x0000037a       0x33 src/ASF/thirdparty/freertos/freertos-7.0.0/source/portable/memmang/heap_3.o
 .ARM.attributes
                0x000003ad       0x33 src/ASF/thirdparty/freertos/freertos-7.0.0/source/queue.o
 .ARM.attributes
                0x000003e0       0x33 src/ASF/thirdparty/freertos/freertos-7.0.0/source/tasks.o
 .ARM.attributes
                0x00000413       0x33 src/main.o
 .ARM.attributes
                0x00000446       0x2d c:/program files (x86)/atmel/studio/7.0/toolchain/arm/arm-gnu-toolchain/bin/../lib/gcc/arm-none-eabi/6.2.1/../../../../arm-none-eabi/lib/thumb/v7-m\libc.a(lib_a-impure.o)
 .ARM.attributes
                0x00000473       0x2d c:/program files (x86)/atmel/studio/7.0/toolchain/arm/arm-gnu-toolchain/bin/../lib/gcc/arm-none-eabi/6.2.1/../../../../arm-none-eabi/lib/thumb/v7-m\libc.a(lib_a-init.o)
 .ARM.attributes
                0x000004a0       0x2d c:/program files (x86)/atmel/studio/7.0/toolchain/arm/arm-gnu-toolchain/bin/../lib/gcc/arm-none-eabi/6.2.1/../../../../arm-none-eabi/lib/thumb/v7-m\libc.a(lib_a-iprintf.o)
 .ARM.attributes
                0x000004cd       0x2d c:/program files (x86)/atmel/studio/7.0/toolchain/arm/arm-gnu-toolchain/bin/../lib/gcc/arm-none-eabi/6.2.1/../../../../arm-none-eabi/lib/thumb/v7-m\libc.a(lib_a-malloc.o)
 .ARM.attributes
                0x000004fa       0x2d c:/program files (x86)/atmel/studio/7.0/toolchain/arm/arm-gnu-toolchain/bin/../lib/gcc/arm-none-eabi/6.2.1/../../../../arm-none-eabi/lib/thumb/v7-m\libc.a(lib_a-mallocr.o)
 .ARM.attributes
                0x00000527       0x2d c:/program files (x86)/atmel/studio/7.0/toolchain/arm/arm-gnu-toolchain/bin/../lib/gcc/arm-none-eabi/6.2.1/../../../../arm-none-eabi/lib/thumb/v7-m\libc.a(lib_a-memcmp.o)
 .ARM.attributes
                0x00000554       0x1b c:/program files (x86)/atmel/studio/7.0/toolchain/arm/arm-gnu-toolchain/bin/../lib/gcc/arm-none-eabi/6.2.1/../../../../arm-none-eabi/lib/thumb/v7-m\libc.a(lib_a-memcpy.o)
 .ARM.attributes
                0x0000056f       0x2d c:/program files (x86)/atmel/studio/7.0/toolchain/arm/arm-gnu-toolchain/bin/../lib/gcc/arm-none-eabi/6.2.1/../../../../arm-none-eabi/lib/thumb/v7-m\libc.a(lib_a-memset.o)
 .ARM.attributes
                0x0000059c       0x2d c:/program files (x86)/atmel/studio/7.0/toolchain/arm/arm-gnu-toolchain/bin/../lib/gcc/arm-none-eabi/6.2.1/../../../../arm-none-eabi/lib/thumb/v7-m\libc.a(lib_a-mlock.o)
 .ARM.attributes
                0x000005c9       0x2d c:/program files (x86)/atmel/studio/7.0/toolchain/arm/arm-gnu-toolchain/bin/../lib/gcc/arm-none-eabi/6.2.1/../../../../arm-none-eabi/lib/thumb/v7-m\libc.a(lib_a-sbrkr.o)
 .ARM.attributes
                0x000005f6       0x2d c:/program files (x86)/atmel/studio/7.0/toolchain/arm/arm-gnu-toolchain/bin/../lib/gcc/arm-none-eabi/6.2.1/../../../../arm-none-eabi/lib/thumb/v7-m\libc.a(lib_a-setbuf.o)
 .ARM.attributes
                0x00000623       0x2d c:/program files (x86)/atmel/studio/7.0/toolchain/arm/arm-gnu-toolchain/bin/../lib/gcc/arm-none-eabi/6.2.1/../../../../arm-none-eabi/lib/thumb/v7-m\libc.a(lib_a-setvbuf.o)
 .ARM.attributes
                0x00000650       0x2d c:/program files (x86)/atmel/studio/7.0/toolchain/arm/arm-gnu-toolchain/bin/../lib/gcc/arm-none-eabi/6.2.1/../../../../arm-none-eabi/lib/thumb/v7-m\libc.a(lib_a-sprintf.o)
 .ARM.attributes
                0x0000067d       0x2d c:/program files (x86)/atmel/studio/7.0/toolchain/arm/arm-gnu-toolchain/bin/../lib/gcc/arm-none-eabi/6.2.1/../../../../arm-none-eabi/lib/thumb/v7-m\libc.a(lib_a-strcat.o)
 .ARM.attributes
                0x000006aa       0x2d c:/program files (x86)/atmel/studio/7.0/toolchain/arm/arm-gnu-toolchain/bin/../lib/gcc/arm-none-eabi/6.2.1/../../../../arm-none-eabi/lib/thumb/v7-m\libc.a(lib_a-strcpy.o)
 .ARM.attributes
                0x000006d7       0x2d c:/program files (x86)/atmel/studio/7.0/toolchain/arm/arm-gnu-toolchain/bin/../lib/gcc/arm-none-eabi/6.2.1/../../../../arm-none-eabi/lib/thumb/v7-m\libc.a(lib_a-strlen-stub.o)
 .ARM.attributes
                0x00000704       0x2d c:/program files (x86)/atmel/studio/7.0/toolchain/arm/arm-gnu-toolchain/bin/../lib/gcc/arm-none-eabi/6.2.1/../../../../arm-none-eabi/lib/thumb/v7-m\libc.a(lib_a-strncpy.o)
 .ARM.attributes
                0x00000731       0x2d c:/program files (x86)/atmel/studio/7.0/toolchain/arm/arm-gnu-toolchain/bin/../lib/gcc/arm-none-eabi/6.2.1/../../../../arm-none-eabi/lib/thumb/v7-m\libc.a(lib_a-svfprintf.o)
 .ARM.attributes
                0x0000075e       0x2d c:/program files (x86)/atmel/studio/7.0/toolchain/arm/arm-gnu-toolchain/bin/../lib/gcc/arm-none-eabi/6.2.1/../../../../arm-none-eabi/lib/thumb/v7-m\libc.a(lib_a-vfiprintf.o)
 .ARM.attributes
                0x0000078b       0x2d c:/program files (x86)/atmel/studio/7.0/toolchain/arm/arm-gnu-toolchain/bin/../lib/gcc/arm-none-eabi/6.2.1/../../../../arm-none-eabi/lib/thumb/v7-m\libc.a(lib_a-wsetup.o)
 .ARM.attributes
                0x000007b8       0x2d c:/program files (x86)/atmel/studio/7.0/toolchain/arm/arm-gnu-toolchain/bin/../lib/gcc/arm-none-eabi/6.2.1/../../../../arm-none-eabi/lib/thumb/v7-m\libc.a(lib_a-__call_atexit.o)
 .ARM.attributes
                0x000007e5       0x2d c:/program files (x86)/atmel/studio/7.0/toolchain/arm/arm-gnu-toolchain/bin/../lib/gcc/arm-none-eabi/6.2.1/../../../../arm-none-eabi/lib/thumb/v7-m\libc.a(lib_a-atexit.o)
 .ARM.attributes
                0x00000812       0x2d c:/program files (x86)/atmel/studio/7.0/toolchain/arm/arm-gnu-toolchain/bin/../lib/gcc/arm-none-eabi/6.2.1/../../../../arm-none-eabi/lib/thumb/v7-m\libc.a(lib_a-dtoa.o)
 .ARM.attributes
                0x0000083f       0x2d c:/program files (x86)/atmel/studio/7.0/toolchain/arm/arm-gnu-toolchain/bin/../lib/gcc/arm-none-eabi/6.2.1/../../../../arm-none-eabi/lib/thumb/v7-m\libc.a(lib_a-fflush.o)
 .ARM.attributes
                0x0000086c       0x2d c:/program files (x86)/atmel/studio/7.0/toolchain/arm/arm-gnu-toolchain/bin/../lib/gcc/arm-none-eabi/6.2.1/../../../../arm-none-eabi/lib/thumb/v7-m\libc.a(lib_a-findfp.o)
 .ARM.attributes
                0x00000899       0x2d c:/program files (x86)/atmel/studio/7.0/toolchain/arm/arm-gnu-toolchain/bin/../lib/gcc/arm-none-eabi/6.2.1/../../../../arm-none-eabi/lib/thumb/v7-m\libc.a(lib_a-fini.o)
 .ARM.attributes
                0x000008c6       0x2d c:/program files (x86)/atmel/studio/7.0/toolchain/arm/arm-gnu-toolchain/bin/../lib/gcc/arm-none-eabi/6.2.1/../../../../arm-none-eabi/lib/thumb/v7-m\libc.a(lib_a-fputwc.o)
 .ARM.attributes
                0x000008f3       0x2d c:/program files (x86)/atmel/studio/7.0/toolchain/arm/arm-gnu-toolchain/bin/../lib/gcc/arm-none-eabi/6.2.1/../../../../arm-none-eabi/lib/thumb/v7-m\libc.a(lib_a-freer.o)
 .ARM.attributes
                0x00000920       0x2d c:/program files (x86)/atmel/studio/7.0/toolchain/arm/arm-gnu-toolchain/bin/../lib/gcc/arm-none-eabi/6.2.1/../../../../arm-none-eabi/lib/thumb/v7-m\libc.a(lib_a-fvwrite.o)
 .ARM.attributes
                0x0000094d       0x2d c:/program files (x86)/atmel/studio/7.0/toolchain/arm/arm-gnu-toolchain/bin/../lib/gcc/arm-none-eabi/6.2.1/../../../../arm-none-eabi/lib/thumb/v7-m\libc.a(lib_a-fwalk.o)
 .ARM.attributes
                0x0000097a       0x2d c:/program files (x86)/atmel/studio/7.0/toolchain/arm/arm-gnu-toolchain/bin/../lib/gcc/arm-none-eabi/6.2.1/../../../../arm-none-eabi/lib/thumb/v7-m\libc.a(lib_a-locale.o)
 .ARM.attributes
                0x000009a7       0x2d c:/program files (x86)/atmel/studio/7.0/toolchain/arm/arm-gnu-toolchain/bin/../lib/gcc/arm-none-eabi/6.2.1/../../../../arm-none-eabi/lib/thumb/v7-m\libc.a(lib_a-localeconv.o)
 .ARM.attributes
                0x000009d4       0x2d c:/program files (x86)/atmel/studio/7.0/toolchain/arm/arm-gnu-toolchain/bin/../lib/gcc/arm-none-eabi/6.2.1/../../../../arm-none-eabi/lib/thumb/v7-m\libc.a(lib_a-makebuf.o)
 .ARM.attributes
                0x00000a01       0x2d c:/program files (x86)/atmel/studio/7.0/toolchain/arm/arm-gnu-toolchain/bin/../lib/gcc/arm-none-eabi/6.2.1/../../../../arm-none-eabi/lib/thumb/v7-m\libc.a(lib_a-mbtowc_r.o)
 .ARM.attributes
                0x00000a2e       0x2d c:/program files (x86)/atmel/studio/7.0/toolchain/arm/arm-gnu-toolchain/bin/../lib/gcc/arm-none-eabi/6.2.1/../../../../arm-none-eabi/lib/thumb/v7-m\libc.a(lib_a-memchr-stub.o)
 .ARM.attributes
                0x00000a5b       0x2d c:/program files (x86)/atmel/studio/7.0/toolchain/arm/arm-gnu-toolchain/bin/../lib/gcc/arm-none-eabi/6.2.1/../../../../arm-none-eabi/lib/thumb/v7-m\libc.a(lib_a-memmove.o)
 .ARM.attributes
                0x00000a88       0x2d c:/program files (x86)/atmel/studio/7.0/toolchain/arm/arm-gnu-toolchain/bin/../lib/gcc/arm-none-eabi/6.2.1/../../../../arm-none-eabi/lib/thumb/v7-m\libc.a(lib_a-mprec.o)
 .ARM.attributes
                0x00000ab5       0x2d c:/program files (x86)/atmel/studio/7.0/toolchain/arm/arm-gnu-toolchain/bin/../lib/gcc/arm-none-eabi/6.2.1/../../../../arm-none-eabi/lib/thumb/v7-m\libc.a(lib_a-reallocr.o)
 .ARM.attributes
                0x00000ae2       0x2d c:/program files (x86)/atmel/studio/7.0/toolchain/arm/arm-gnu-toolchain/bin/../lib/gcc/arm-none-eabi/6.2.1/../../../../arm-none-eabi/lib/thumb/v7-m\libc.a(lib_a-reent.o)
 .ARM.attributes
                0x00000b0f       0x2d c:/program files (x86)/atmel/studio/7.0/toolchain/arm/arm-gnu-toolchain/bin/../lib/gcc/arm-none-eabi/6.2.1/../../../../arm-none-eabi/lib/thumb/v7-m\libc.a(lib_a-stdio.o)
 .ARM.attributes
                0x00000b3c       0x2d c:/program files (x86)/atmel/studio/7.0/toolchain/arm/arm-gnu-toolchain/bin/../lib/gcc/arm-none-eabi/6.2.1/../../../../arm-none-eabi/lib/thumb/v7-m\libc.a(lib_a-svfiprintf.o)
 .ARM.attributes
                0x00000b69       0x2d c:/program files (x86)/atmel/studio/7.0/toolchain/arm/arm-gnu-toolchain/bin/../lib/gcc/arm-none-eabi/6.2.1/../../../../arm-none-eabi/lib/thumb/v7-m\libc.a(lib_a-wbuf.o)
 .ARM.attributes
                0x00000b96       0x2d c:/program files (x86)/atmel/studio/7.0/toolchain/arm/arm-gnu-toolchain/bin/../lib/gcc/arm-none-eabi/6.2.1/../../../../arm-none-eabi/lib/thumb/v7-m\libc.a(lib_a-wcrtomb.o)
 .ARM.attributes
                0x00000bc3       0x2d c:/program files (x86)/atmel/studio/7.0/toolchain/arm/arm-gnu-toolchain/bin/../lib/gcc/arm-none-eabi/6.2.1/../../../../arm-none-eabi/lib/thumb/v7-m\libc.a(lib_a-wctomb_r.o)
 .ARM.attributes
                0x00000bf0       0x2d c:/program files (x86)/atmel/studio/7.0/toolchain/arm/arm-gnu-toolchain/bin/../lib/gcc/arm-none-eabi/6.2.1/../../../../arm-none-eabi/lib/thumb/v7-m\libc.a(lib_a-writer.o)
 .ARM.attributes
                0x00000c1d       0x2d c:/program files (x86)/atmel/studio/7.0/toolchain/arm/arm-gnu-toolchain/bin/../lib/gcc/arm-none-eabi/6.2.1/../../../../arm-none-eabi/lib/thumb/v7-m\libc.a(lib_a-__atexit.o)
 .ARM.attributes
                0x00000c4a       0x2d c:/program files (x86)/atmel/studio/7.0/toolchain/arm/arm-gnu-toolchain/bin/../lib/gcc/arm-none-eabi/6.2.1/../../../../arm-none-eabi/lib/thumb/v7-m\libc.a(lib_a-callocr.o)
 .ARM.attributes
                0x00000c77       0x2d c:/program files (x86)/atmel/studio/7.0/toolchain/arm/arm-gnu-toolchain/bin/../lib/gcc/arm-none-eabi/6.2.1/../../../../arm-none-eabi/lib/thumb/v7-m\libc.a(lib_a-closer.o)
 .ARM.attributes
                0x00000ca4       0x2d c:/program files (x86)/atmel/studio/7.0/toolchain/arm/arm-gnu-toolchain/bin/../lib/gcc/arm-none-eabi/6.2.1/../../../../arm-none-eabi/lib/thumb/v7-m\libc.a(lib_a-ctype_.o)
 .ARM.attributes
                0x00000cd1       0x2d c:/program files (x86)/atmel/studio/7.0/toolchain/arm/arm-gnu-toolchain/bin/../lib/gcc/arm-none-eabi/6.2.1/../../../../arm-none-eabi/lib/thumb/v7-m\libc.a(lib_a-fclose.o)
 .ARM.attributes
                0x00000cfe       0x2d c:/program files (x86)/atmel/studio/7.0/toolchain/arm/arm-gnu-toolchain/bin/../lib/gcc/arm-none-eabi/6.2.1/../../../../arm-none-eabi/lib/thumb/v7-m\libc.a(lib_a-fstatr.o)
 .ARM.attributes
                0x00000d2b       0x2d c:/program files (x86)/atmel/studio/7.0/toolchain/arm/arm-gnu-toolchain/bin/../lib/gcc/arm-none-eabi/6.2.1/../../../../arm-none-eabi/lib/thumb/v7-m\libc.a(lib_a-isattyr.o)
 .ARM.attributes
                0x00000d58       0x2d c:/program files (x86)/atmel/studio/7.0/toolchain/arm/arm-gnu-toolchain/bin/../lib/gcc/arm-none-eabi/6.2.1/../../../../arm-none-eabi/lib/thumb/v7-m\libc.a(lib_a-lseekr.o)
 .ARM.attributes
                0x00000d85       0x2d c:/program files (x86)/atmel/studio/7.0/toolchain/arm/arm-gnu-toolchain/bin/../lib/gcc/arm-none-eabi/6.2.1/../../../../arm-none-eabi/lib/thumb/v7-m\libc.a(lib_a-readr.o)
 .ARM.attributes
                0x00000db2       0x1d c:/program files (x86)/atmel/studio/7.0/toolchain/arm/arm-gnu-toolchain/bin/../lib/gcc/arm-none-eabi/6.2.1/thumb/v7-m\libgcc.a(_arm_addsubdf3.o)
 .ARM.attributes
                0x00000dcf       0x1d c:/program files (x86)/atmel/studio/7.0/toolchain/arm/arm-gnu-toolchain/bin/../lib/gcc/arm-none-eabi/6.2.1/thumb/v7-m\libgcc.a(_arm_muldivdf3.o)
 .ARM.attributes
                0x00000dec       0x1d c:/program files (x86)/atmel/studio/7.0/toolchain/arm/arm-gnu-toolchain/bin/../lib/gcc/arm-none-eabi/6.2.1/thumb/v7-m\libgcc.a(_arm_cmpdf2.o)
 .ARM.attributes
                0x00000e09       0x1d c:/program files (x86)/atmel/studio/7.0/toolchain/arm/arm-gnu-toolchain/bin/../lib/gcc/arm-none-eabi/6.2.1/thumb/v7-m\libgcc.a(_arm_unorddf2.o)
 .ARM.attributes
                0x00000e26       0x1d c:/program files (x86)/atmel/studio/7.0/toolchain/arm/arm-gnu-toolchain/bin/../lib/gcc/arm-none-eabi/6.2.1/thumb/v7-m\libgcc.a(_arm_fixdfsi.o)
 .ARM.attributes
                0x00000e43       0x1d c:/program files (x86)/atmel/studio/7.0/toolchain/arm/arm-gnu-toolchain/bin/../lib/gcc/arm-none-eabi/6.2.1/thumb/v7-m\libgcc.a(_aeabi_uldivmod.o)
 .ARM.attributes
                0x00000e60       0x2d c:/program files (x86)/atmel/studio/7.0/toolchain/arm/arm-gnu-toolchain/bin/../lib/gcc/arm-none-eabi/6.2.1/thumb/v7-m\libgcc.a(_udivmoddi4.o)
 .ARM.attributes
                0x00000e8d       0x1d c:/program files (x86)/atmel/studio/7.0/toolchain/arm/arm-gnu-toolchain/bin/../lib/gcc/arm-none-eabi/6.2.1/thumb/v7-m\libgcc.a(_dvmd_tls.o)
 .ARM.attributes
                0x00000eaa       0x1d c:/program files (x86)/atmel/studio/7.0/toolchain/arm/arm-gnu-toolchain/bin/../lib/gcc/arm-none-eabi/6.2.1/thumb/v7-m/crtn.o

.comment        0x00000000       0x59
 .comment       0x00000000       0x59 src/ASF/sam/drivers/pwm/pwm.o
                                 0x5a (size before relaxing)
 .comment       0x00000059       0x5a src/ASF/common/services/clock/sam3n/sysclk.o
 .comment       0x00000059       0x5a src/ASF/common/utils/stdio/read.o
 .comment       0x00000059       0x5a src/ASF/common/utils/stdio/write.o
 .comment       0x00000059       0x5a src/ASF/sam/boards/sam3n_ek/init.o
 .comment       0x00000059       0x5a src/ASF/sam/drivers/pio/pio.o
 .comment       0x00000059       0x5a src/ASF/sam/drivers/pio/pio_handler.o
 .comment       0x00000059       0x5a src/ASF/sam/drivers/pmc/pmc.o
 .comment       0x00000059       0x5a src/ASF/sam/drivers/uart/uart.o
 .comment       0x00000059       0x5a src/ASF/sam/drivers/usart/usart.o
 .comment       0x00000059       0x5a src/ASF/sam/utils/cmsis/sam3n/source/templates/exceptions.o
 .comment       0x00000059       0x5a src/ASF/sam/utils/cmsis/sam3n/source/templates/gcc/startup_sam3n.o
 .comment       0x00000059       0x5a src/ASF/sam/utils/cmsis/sam3n/source/templates/system_sam3n.o
 .comment       0x00000059       0x5a src/ASF/sam/utils/syscalls/gcc/syscalls.o
 .comment       0x00000059       0x5a src/ASF/thirdparty/freertos/freertos-7.0.0/source/list.o
 .comment       0x00000059       0x5a src/ASF/thirdparty/freertos/freertos-7.0.0/source/portable/gcc/sam/port.o
 .comment       0x00000059       0x5a src/ASF/thirdparty/freertos/freertos-7.0.0/source/portable/memmang/heap_3.o
 .comment       0x00000059       0x5a src/ASF/thirdparty/freertos/freertos-7.0.0/source/queue.o
 .comment       0x00000059       0x5a src/ASF/thirdparty/freertos/freertos-7.0.0/source/tasks.o
 .comment       0x00000059       0x5a src/main.o

.debug_info     0x00000000    0x1715d
 .debug_info    0x00000000     0x1075 src/ASF/sam/drivers/pwm/pwm.o
 .debug_info    0x00001075     0x1094 src/ASF/common/services/clock/sam3n/sysclk.o
 .debug_info    0x00002109      0xabd src/ASF/common/utils/stdio/read.o
 .debug_info    0x00002bc6      0xaba src/ASF/common/utils/stdio/write.o
 .debug_info    0x00003680     0x1074 src/ASF/sam/boards/sam3n_ek/init.o
 .debug_info    0x000046f4     0x1eab src/ASF/sam/drivers/pio/pio.o
 .debug_info    0x0000659f     0x178b src/ASF/sam/drivers/pio/pio_handler.o
 .debug_info    0x00007d2a     0x1825 src/ASF/sam/drivers/pmc/pmc.o
 .debug_info    0x0000954f     0x1192 src/ASF/sam/drivers/uart/uart.o
 .debug_info    0x0000a6e1     0x1dae src/ASF/sam/drivers/usart/usart.o
 .debug_info    0x0000c48f      0xa2d src/ASF/sam/utils/cmsis/sam3n/source/templates/exceptions.o
 .debug_info    0x0000cebc      0xd0f src/ASF/sam/utils/cmsis/sam3n/source/templates/gcc/startup_sam3n.o
 .debug_info    0x0000dbcb      0xd5e src/ASF/sam/utils/cmsis/sam3n/source/templates/system_sam3n.o
 .debug_info    0x0000e929      0xda4 src/ASF/sam/utils/syscalls/gcc/syscalls.o
 .debug_info    0x0000f6cd      0xc45 src/ASF/thirdparty/freertos/freertos-7.0.0/source/list.o
 .debug_info    0x00010312      0xc36 src/ASF/thirdparty/freertos/freertos-7.0.0/source/portable/gcc/sam/port.o
 .debug_info    0x00010f48      0xb13 src/ASF/thirdparty/freertos/freertos-7.0.0/source/portable/memmang/heap_3.o
 .debug_info    0x00011a5b     0x17a2 src/ASF/thirdparty/freertos/freertos-7.0.0/source/queue.o
 .debug_info    0x000131fd     0x21bd src/ASF/thirdparty/freertos/freertos-7.0.0/source/tasks.o
 .debug_info    0x000153ba     0x1da3 src/main.o

.debug_abbrev   0x00000000     0x3757
 .debug_abbrev  0x00000000      0x2d0 src/ASF/sam/drivers/pwm/pwm.o
 .debug_abbrev  0x000002d0      0x315 src/ASF/common/services/clock/sam3n/sysclk.o
 .debug_abbrev  0x000005e5      0x1fe src/ASF/common/utils/stdio/read.o
 .debug_abbrev  0x000007e3      0x1e9 src/ASF/common/utils/stdio/write.o
 .debug_abbrev  0x000009cc      0x26f src/ASF/sam/boards/sam3n_ek/init.o
 .debug_abbrev  0x00000c3b      0x3ee src/ASF/sam/drivers/pio/pio.o
 .debug_abbrev  0x00001029      0x336 src/ASF/sam/drivers/pio/pio_handler.o
 .debug_abbrev  0x0000135f      0x2f9 src/ASF/sam/drivers/pmc/pmc.o
 .debug_abbrev  0x00001658      0x288 src/ASF/sam/drivers/uart/uart.o
 .debug_abbrev  0x000018e0      0x406 src/ASF/sam/drivers/usart/usart.o
 .debug_abbrev  0x00001ce6      0x1a4 src/ASF/sam/utils/cmsis/sam3n/source/templates/exceptions.o
 .debug_abbrev  0x00001e8a      0x1f2 src/ASF/sam/utils/cmsis/sam3n/source/templates/gcc/startup_sam3n.o
 .debug_abbrev  0x0000207c      0x1e7 src/ASF/sam/utils/cmsis/sam3n/source/templates/system_sam3n.o
 .debug_abbrev  0x00002263      0x264 src/ASF/sam/utils/syscalls/gcc/syscalls.o
 .debug_abbrev  0x000024c7      0x1f6 src/ASF/thirdparty/freertos/freertos-7.0.0/source/list.o
 .debug_abbrev  0x000026bd      0x2cb src/ASF/thirdparty/freertos/freertos-7.0.0/source/portable/gcc/sam/port.o
 .debug_abbrev  0x00002988      0x23a src/ASF/thirdparty/freertos/freertos-7.0.0/source/portable/memmang/heap_3.o
 .debug_abbrev  0x00002bc2      0x390 src/ASF/thirdparty/freertos/freertos-7.0.0/source/queue.o
 .debug_abbrev  0x00002f52      0x3c9 src/ASF/thirdparty/freertos/freertos-7.0.0/source/tasks.o
 .debug_abbrev  0x0000331b      0x43c src/main.o

.debug_loc      0x00000000     0x551c
 .debug_loc     0x00000000      0x42b src/ASF/sam/drivers/pwm/pwm.o
 .debug_loc     0x0000042b      0x12a src/ASF/common/services/clock/sam3n/sysclk.o
 .debug_loc     0x00000555       0xb3 src/ASF/common/utils/stdio/read.o
 .debug_loc     0x00000608      0x12b src/ASF/common/utils/stdio/write.o
 .debug_loc     0x00000733       0x5c src/ASF/sam/boards/sam3n_ek/init.o
 .debug_loc     0x0000078f      0xd4d src/ASF/sam/drivers/pio/pio.o
 .debug_loc     0x000014dc      0x549 src/ASF/sam/drivers/pio/pio_handler.o
 .debug_loc     0x00001a25      0x90e src/ASF/sam/drivers/pmc/pmc.o
 .debug_loc     0x00002333      0x241 src/ASF/sam/drivers/uart/uart.o
 .debug_loc     0x00002574      0xc99 src/ASF/sam/drivers/usart/usart.o
 .debug_loc     0x0000320d       0x6b src/ASF/sam/utils/cmsis/sam3n/source/templates/gcc/startup_sam3n.o
 .debug_loc     0x00003278       0xfd src/ASF/sam/utils/syscalls/gcc/syscalls.o
 .debug_loc     0x00003375       0x87 src/ASF/thirdparty/freertos/freertos-7.0.0/source/list.o
 .debug_loc     0x000033fc       0x9f src/ASF/thirdparty/freertos/freertos-7.0.0/source/portable/gcc/sam/port.o
 .debug_loc     0x0000349b       0xca src/ASF/thirdparty/freertos/freertos-7.0.0/source/portable/memmang/heap_3.o
 .debug_loc     0x00003565      0xa53 src/ASF/thirdparty/freertos/freertos-7.0.0/source/queue.o
 .debug_loc     0x00003fb8     0x101a src/ASF/thirdparty/freertos/freertos-7.0.0/source/tasks.o
 .debug_loc     0x00004fd2      0x54a src/main.o

.debug_aranges  0x00000000      0xad8
 .debug_aranges
                0x00000000       0x80 src/ASF/sam/drivers/pwm/pwm.o
 .debug_aranges
                0x00000080       0x30 src/ASF/common/services/clock/sam3n/sysclk.o
 .debug_aranges
                0x000000b0       0x20 src/ASF/common/utils/stdio/read.o
 .debug_aranges
                0x000000d0       0x20 src/ASF/common/utils/stdio/write.o
 .debug_aranges
                0x000000f0       0x20 src/ASF/sam/boards/sam3n_ek/init.o
 .debug_aranges
                0x00000110      0x160 src/ASF/sam/drivers/pio/pio.o
 .debug_aranges
                0x00000270       0x50 src/ASF/sam/drivers/pio/pio_handler.o
 .debug_aranges
                0x000002c0      0x1b8 src/ASF/sam/drivers/pmc/pmc.o
 .debug_aranges
                0x00000478       0xe8 src/ASF/sam/drivers/uart/uart.o
 .debug_aranges
                0x00000560      0x1b8 src/ASF/sam/drivers/usart/usart.o
 .debug_aranges
                0x00000718       0x20 src/ASF/sam/utils/cmsis/sam3n/source/templates/exceptions.o
 .debug_aranges
                0x00000738       0x20 src/ASF/sam/utils/cmsis/sam3n/source/templates/gcc/startup_sam3n.o
 .debug_aranges
                0x00000758       0x30 src/ASF/sam/utils/cmsis/sam3n/source/templates/system_sam3n.o
 .debug_aranges
                0x00000788       0x60 src/ASF/sam/utils/syscalls/gcc/syscalls.o
 .debug_aranges
                0x000007e8       0x40 src/ASF/thirdparty/freertos/freertos-7.0.0/source/list.o
 .debug_aranges
                0x00000828       0x68 src/ASF/thirdparty/freertos/freertos-7.0.0/source/portable/gcc/sam/port.o
 .debug_aranges
                0x00000890       0x28 src/ASF/thirdparty/freertos/freertos-7.0.0/source/portable/memmang/heap_3.o
 .debug_aranges
                0x000008b8       0x90 src/ASF/thirdparty/freertos/freertos-7.0.0/source/queue.o
 .debug_aranges
                0x00000948      0x110 src/ASF/thirdparty/freertos/freertos-7.0.0/source/tasks.o
 .debug_aranges
                0x00000a58       0x80 src/main.o

.debug_ranges   0x00000000      0xad0
 .debug_ranges  0x00000000       0x70 src/ASF/sam/drivers/pwm/pwm.o
 .debug_ranges  0x00000070       0x20 src/ASF/common/services/clock/sam3n/sysclk.o
 .debug_ranges  0x00000090       0x10 src/ASF/common/utils/stdio/read.o
 .debug_ranges  0x000000a0       0x10 src/ASF/common/utils/stdio/write.o
 .debug_ranges  0x000000b0       0x10 src/ASF/sam/boards/sam3n_ek/init.o
 .debug_ranges  0x000000c0      0x168 src/ASF/sam/drivers/pio/pio.o
 .debug_ranges  0x00000228       0x58 src/ASF/sam/drivers/pio/pio_handler.o
 .debug_ranges  0x00000280      0x1a8 src/ASF/sam/drivers/pmc/pmc.o
 .debug_ranges  0x00000428       0xd8 src/ASF/sam/drivers/uart/uart.o
 .debug_ranges  0x00000500      0x1a8 src/ASF/sam/drivers/usart/usart.o
 .debug_ranges  0x000006a8       0x10 src/ASF/sam/utils/cmsis/sam3n/source/templates/exceptions.o
 .debug_ranges  0x000006b8       0x10 src/ASF/sam/utils/cmsis/sam3n/source/templates/gcc/startup_sam3n.o
 .debug_ranges  0x000006c8       0x20 src/ASF/sam/utils/cmsis/sam3n/source/templates/system_sam3n.o
 .debug_ranges  0x000006e8       0x50 src/ASF/sam/utils/syscalls/gcc/syscalls.o
 .debug_ranges  0x00000738       0x30 src/ASF/thirdparty/freertos/freertos-7.0.0/source/list.o
 .debug_ranges  0x00000768       0x58 src/ASF/thirdparty/freertos/freertos-7.0.0/source/portable/gcc/sam/port.o
 .debug_ranges  0x000007c0       0x18 src/ASF/thirdparty/freertos/freertos-7.0.0/source/portable/memmang/heap_3.o
 .debug_ranges  0x000007d8       0x98 src/ASF/thirdparty/freertos/freertos-7.0.0/source/queue.o
 .debug_ranges  0x00000870      0x1f0 src/ASF/thirdparty/freertos/freertos-7.0.0/source/tasks.o
 .debug_ranges  0x00000a60       0x70 src/main.o

.debug_macro    0x00000000    0x12060
 .debug_macro   0x00000000      0x4b2 src/ASF/sam/drivers/pwm/pwm.o
 .debug_macro   0x000004b2      0x8ce src/ASF/sam/drivers/pwm/pwm.o
 .debug_macro   0x00000d80      0x16d src/ASF/sam/drivers/pwm/pwm.o
 .debug_macro   0x00000eed      0x64b src/ASF/sam/drivers/pwm/pwm.o
 .debug_macro   0x00001538       0x76 src/ASF/sam/drivers/pwm/pwm.o
 .debug_macro   0x000015ae       0x16 src/ASF/sam/drivers/pwm/pwm.o
 .debug_macro   0x000015c4      0x6e4 src/ASF/sam/drivers/pwm/pwm.o
 .debug_macro   0x00001ca8       0x22 src/ASF/sam/drivers/pwm/pwm.o
 .debug_macro   0x00001cca       0x87 src/ASF/sam/drivers/pwm/pwm.o
 .debug_macro   0x00001d51       0x51 src/ASF/sam/drivers/pwm/pwm.o
 .debug_macro   0x00001da2       0xef src/ASF/sam/drivers/pwm/pwm.o
 .debug_macro   0x00001e91       0x6a src/ASF/sam/drivers/pwm/pwm.o
 .debug_macro   0x00001efb      0x1df src/ASF/sam/drivers/pwm/pwm.o
 .debug_macro   0x000020da       0x20 src/ASF/sam/drivers/pwm/pwm.o
 .debug_macro   0x000020fa       0x3a src/ASF/sam/drivers/pwm/pwm.o
 .debug_macro   0x00002134       0x2d src/ASF/sam/drivers/pwm/pwm.o
 .debug_macro   0x00002161      0xa8b src/ASF/sam/drivers/pwm/pwm.o
 .debug_macro   0x00002bec      0x7f0 src/ASF/sam/drivers/pwm/pwm.o
 .debug_macro   0x000033dc      0x2b5 src/ASF/sam/drivers/pwm/pwm.o
 .debug_macro   0x00003691      0x169 src/ASF/sam/drivers/pwm/pwm.o
 .debug_macro   0x000037fa       0x82 src/ASF/sam/drivers/pwm/pwm.o
 .debug_macro   0x0000387c       0x1c src/ASF/sam/drivers/pwm/pwm.o
 .debug_macro   0x00003898      0x1e8 src/ASF/sam/drivers/pwm/pwm.o
 .debug_macro   0x00003a80       0xbe src/ASF/sam/drivers/pwm/pwm.o
 .debug_macro   0x00003b3e     0x26c7 src/ASF/sam/drivers/pwm/pwm.o
 .debug_macro   0x00006205      0x627 src/ASF/sam/drivers/pwm/pwm.o
 .debug_macro   0x0000682c      0x260 src/ASF/sam/drivers/pwm/pwm.o
 .debug_macro   0x00006a8c       0x7c src/ASF/sam/drivers/pwm/pwm.o
 .debug_macro   0x00006b08      0x263 src/ASF/sam/drivers/pwm/pwm.o
 .debug_macro   0x00006d6b       0x58 src/ASF/sam/drivers/pwm/pwm.o
 .debug_macro   0x00006dc3      0x394 src/ASF/sam/drivers/pwm/pwm.o
 .debug_macro   0x00007157      0x64a src/ASF/sam/drivers/pwm/pwm.o
 .debug_macro   0x000077a1      0x590 src/ASF/sam/drivers/pwm/pwm.o
 .debug_macro   0x00007d31      0x34d src/ASF/sam/drivers/pwm/pwm.o
 .debug_macro   0x0000807e      0x28c src/ASF/sam/drivers/pwm/pwm.o
 .debug_macro   0x0000830a      0x564 src/ASF/sam/drivers/pwm/pwm.o
 .debug_macro   0x0000886e       0x76 src/ASF/sam/drivers/pwm/pwm.o
 .debug_macro   0x000088e4       0x88 src/ASF/sam/drivers/pwm/pwm.o
 .debug_macro   0x0000896c       0xfd src/ASF/sam/drivers/pwm/pwm.o
 .debug_macro   0x00008a69       0xfd src/ASF/sam/drivers/pwm/pwm.o
 .debug_macro   0x00008b66       0x88 src/ASF/sam/drivers/pwm/pwm.o
 .debug_macro   0x00008bee       0x4c src/ASF/sam/drivers/pwm/pwm.o
 .debug_macro   0x00008c3a       0xb2 src/ASF/sam/drivers/pwm/pwm.o
 .debug_macro   0x00008cec       0xa6 src/ASF/sam/drivers/pwm/pwm.o
 .debug_macro   0x00008d92       0x6a src/ASF/sam/drivers/pwm/pwm.o
 .debug_macro   0x00008dfc       0x9a src/ASF/sam/drivers/pwm/pwm.o
 .debug_macro   0x00008e96       0x64 src/ASF/sam/drivers/pwm/pwm.o
 .debug_macro   0x00008efa       0x40 src/ASF/sam/drivers/pwm/pwm.o
 .debug_macro   0x00008f3a       0x82 src/ASF/sam/drivers/pwm/pwm.o
 .debug_macro   0x00008fbc       0x7c src/ASF/sam/drivers/pwm/pwm.o
 .debug_macro   0x00009038       0x16 src/ASF/sam/drivers/pwm/pwm.o
 .debug_macro   0x0000904e       0x40 src/ASF/sam/drivers/pwm/pwm.o
 .debug_macro   0x0000908e       0x22 src/ASF/sam/drivers/pwm/pwm.o
 .debug_macro   0x000090b0      0x135 src/ASF/sam/drivers/pwm/pwm.o
 .debug_macro   0x000091e5      0x135 src/ASF/sam/drivers/pwm/pwm.o
 .debug_macro   0x0000931a      0x135 src/ASF/sam/drivers/pwm/pwm.o
 .debug_macro   0x0000944f       0x1c src/ASF/sam/drivers/pwm/pwm.o
 .debug_macro   0x0000946b       0x2e src/ASF/sam/drivers/pwm/pwm.o
 .debug_macro   0x00009499       0x22 src/ASF/sam/drivers/pwm/pwm.o
 .debug_macro   0x000094bb       0x1c src/ASF/sam/drivers/pwm/pwm.o
 .debug_macro   0x000094d7       0x58 src/ASF/sam/drivers/pwm/pwm.o
 .debug_macro   0x0000952f       0x10 src/ASF/sam/drivers/pwm/pwm.o
 .debug_macro   0x0000953f      0x193 src/ASF/sam/drivers/pwm/pwm.o
 .debug_macro   0x000096d2      0x6fa src/ASF/sam/drivers/pwm/pwm.o
 .debug_macro   0x00009dcc       0x9e src/ASF/sam/drivers/pwm/pwm.o
 .debug_macro   0x00009e6a       0x52 src/ASF/sam/drivers/pwm/pwm.o
 .debug_macro   0x00009ebc       0x35 src/ASF/sam/drivers/pwm/pwm.o
 .debug_macro   0x00009ef1       0x9c src/ASF/sam/drivers/pwm/pwm.o
 .debug_macro   0x00009f8d       0x16 src/ASF/sam/drivers/pwm/pwm.o
 .debug_macro   0x00009fa3       0x35 src/ASF/sam/drivers/pwm/pwm.o
 .debug_macro   0x00009fd8      0x330 src/ASF/sam/drivers/pwm/pwm.o
 .debug_macro   0x0000a308       0x10 src/ASF/sam/drivers/pwm/pwm.o
 .debug_macro   0x0000a318       0x52 src/ASF/sam/drivers/pwm/pwm.o
 .debug_macro   0x0000a36a       0x1f src/ASF/sam/drivers/pwm/pwm.o
 .debug_macro   0x0000a389       0x43 src/ASF/sam/drivers/pwm/pwm.o
 .debug_macro   0x0000a3cc       0x20 src/ASF/sam/drivers/pwm/pwm.o